npm verbose cli /opt/homebrew/Cellar/node/26.8.2/bin/node /opt/homebrew/bin/npm
npm info using npm@11.19.1
npm info using node@v26.8.2
npm verbose title npm install
npm verbose argv "install" "--loglevel" "verbose"
npm verbose logfile logs-max:10 dir:/Users/chansolkim/.npm/_logs/2026-09-10T02_42_13_572Z-
npm verbose logfile /Users/chansolkim/.npm/_logs/2026-09-10T02_42_13_572Z-debug-0.log
npm http fetch GET 200 https://registry.npmjs.org/node-pty 174ms (cache miss)
npm http fetch GET 200 https://registry.npmjs.org/xterm 424ms (cache miss)
npm http fetch GET 200 https://registry.npmjs.org/xterm-addon-fit 201ms (cache miss)
npm http fetch GET 200 https://registry.npmjs.org/electron 179ms (cache miss)
npm http fetch GET 200 https://registry.npmjs.org/electron-builder 123ms (cache miss)
npm http fetch GET 200 https://registry.npmjs.org/is-ci 108ms (cache miss)
npm http fetch GET 200 https://registry.npmjs.org/extract-zip 112ms (cache miss)
npm http fetch GET 200 https://registry.npmjs.org/chalk 116ms (cache miss)
npm http fetch GET 200 https://registry.npmjs.org/fs-extra 122ms (cache miss)
npm http fetch GET 200 https://registry.npmjs.org/lazy-val 130ms (cache miss)
npm http fetch GET 200 https://registry.npmjs.org/yargs 163ms (cache miss)
npm http fetch GET 200 https://registry.npmjs.org/@electron%2fget 180ms (cache miss)
npm http fetch GET 200 https://registry.npmjs.org/app-builder-lib 98ms (cache miss)
npm http fetch GET 200 https://registry.npmjs.org/builder-util 140ms (cache miss)
npm http fetch GET 200 https://registry.npmjs.org/dmg-builder 273ms (cache miss)
npm http fetch GET 200 https://registry.npmjs.org/node-addon-api 113ms (cache miss)
npm http fetch GET 200 https://registry.npmjs.org/read-config-file 209ms (cache miss)
npm http fetch GET 200 https://registry.npmjs.org/@types%2fnode 341ms (cache miss)
npm http fetch GET 200 https://registry.npmjs.org/simple-update-notifier 293ms (cache miss)
npm http fetch GET 200 https://registry.npmjs.org/builder-util-runtime 360ms (cache miss)
npm http cache https://registry.npmjs.org/fs-extra 10ms (cache hit)
npm http fetch GET 200 https://registry.npmjs.org/progress 39ms (cache miss)
npm http fetch GET 200 https://registry.npmjs.org/env-paths 43ms (cache miss)
npm http fetch GET 200 https://registry.npmjs.org/sumchecker 50ms (cache miss)
npm http fetch GET 200 https://registry.npmjs.org/debug 52ms (cache miss)
npm http fetch GET 200 https://registry.npmjs.org/semver 57ms (cache miss)
npm http fetch GET 200 https://registry.npmjs.org/global-agent 60ms (cache miss)
npm http fetch GET 200 https://registry.npmjs.org/debug 52ms (cache miss)
npm http fetch GET 200 https://registry.npmjs.org/undici-types 69ms (cache miss)
npm http fetch GET 200 https://registry.npmjs.org/get-stream 35ms (cache miss)
npm http fetch GET 200 https://registry.npmjs.org/yauzl 32ms (cache miss)
npm http fetch GET 200 https://registry.npmjs.org/got 79ms (cache miss)
npm http fetch GET 200 https://registry.npmjs.org/@types%2fyauzl 38ms (cache miss)
npm http cache https://registry.npmjs.org/semver 9ms (cache hit)
npm http fetch GET 200 https://registry.npmjs.org/universalify 78ms (cache miss)
npm http fetch GET 200 https://registry.npmjs.org/matcher 79ms (cache miss)
npm http fetch GET 200 https://registry.npmjs.org/es6-error 79ms (cache miss)
npm http fetch GET 200 https://registry.npmjs.org/jsonfile 85ms (cache miss)
npm http fetch GET 200 https://registry.npmjs.org/boolean 86ms (cache miss)
npm http fetch GET 200 https://registry.npmjs.org/serialize-error 72ms (cache miss)
npm http fetch GET 200 https://registry.npmjs.org/ms 91ms (cache miss)
npm http fetch GET 200 https://registry.npmjs.org/graceful-fs 94ms (cache miss)
npm http fetch GET 200 https://registry.npmjs.org/roarr 99ms (cache miss)
npm http fetch GET 200 https://registry.npmjs.org/responselike 30ms (cache miss)
npm http fetch GET 200 https://registry.npmjs.org/p-cancelable 35ms (cache miss)
npm http fetch GET 200 https://registry.npmjs.org/lowercase-keys 34ms (cache miss)
npm http fetch GET 200 https://registry.npmjs.org/http2-wrapper 40ms (cache miss)
npm http fetch GET 200 https://registry.npmjs.org/cacheable-lookup 66ms (cache miss)
npm http fetch GET 200 https://registry.npmjs.org/cacheable-request 66ms (cache miss)
npm http fetch GET 200 https://registry.npmjs.org/decompress-response 66ms (cache miss)
npm http fetch GET 200 https://registry.npmjs.org/@szmarczak%2fhttp-timer 61ms (cache miss)
npm http fetch GET 200 https://registry.npmjs.org/@types%2fcacheable-request 59ms (cache miss)
npm http fetch GET 200 https://registry.npmjs.org/@sindresorhus%2fis 88ms (cache miss)
npm http fetch GET 200 https://registry.npmjs.org/@types%2fresponselike 222ms (cache miss)
npm http fetch GET 200 https://registry.npmjs.org/electron-builder-squirrel-windows 57ms (cache miss)
npm http fetch GET 200 https://registry.npmjs.org/ejs 32ms (cache miss)
npm http fetch GET 200 https://registry.npmjs.org/isbinaryfile 44ms (cache miss)
npm http fetch GET 200 https://registry.npmjs.org/@types%2ffs-extra 49ms (cache miss)
npm http fetch GET 200 https://registry.npmjs.org/js-yaml 54ms (cache miss)
npm http fetch GET 200 https://registry.npmjs.org/form-data 61ms (cache miss)
npm http fetch GET 200 https://registry.npmjs.org/async-exit-hook 32ms (cache miss)
npm http fetch GET 200 https://registry.npmjs.org/tar 71ms (cache miss)
npm http fetch GET 200 https://registry.npmjs.org/minimatch 77ms (cache miss)
npm http fetch GET 200 https://registry.npmjs.org/sanitize-filename 33ms (cache miss)
npm http fetch GET 200 https://registry.npmjs.org/hosted-git-info 43ms (cache miss)
npm http fetch GET 200 https://registry.npmjs.org/electron-publish 75ms (cache miss)
npm http fetch GET 200 https://registry.npmjs.org/@electron%2funiversal 69ms (cache miss)
npm http fetch GET 200 https://registry.npmjs.org/archiver 40ms (cache miss)
npm http fetch GET 200 https://registry.npmjs.org/iconv-lite 37ms (cache miss)
npm http fetch GET 200 https://registry.npmjs.org/bluebird-lst 245ms (cache miss)
npm http fetch GET 200 https://registry.npmjs.org/temp-file 245ms (cache miss)
npm http fetch GET 200 https://registry.npmjs.org/stat-mode 55ms (cache miss)
npm http fetch GET 200 https://registry.npmjs.org/cross-spawn 57ms (cache miss)
npm http fetch GET 200 https://registry.npmjs.org/chromium-pickle-js 233ms (cache miss)
npm http fetch GET 200 https://registry.npmjs.org/@electron%2fosx-sign 242ms (cache miss)
npm http fetch GET 200 https://registry.npmjs.org/@malept%2fflatpak-bundler 218ms (cache miss)
npm http fetch GET 200 https://registry.npmjs.org/@types%2fdebug 45ms (cache miss)
npm http fetch GET 200 https://registry.npmjs.org/http-proxy-agent 40ms (cache miss)
npm http fetch GET 200 https://registry.npmjs.org/https-proxy-agent 40ms (cache miss)
npm http fetch GET 200 https://registry.npmjs.org/@electron%2fnotarize 291ms (cache miss)
npm http fetch GET 200 https://registry.npmjs.org/source-map-support 43ms (cache miss)
npm http cache https://registry.npmjs.org/universalify 2ms (cache hit)
npm http cache https://registry.npmjs.org/jsonfile 4ms (cache hit)
npm http fetch GET 200 https://registry.npmjs.org/ansi-styles 26ms (cache miss)
npm http fetch GET 200 https://registry.npmjs.org/dmg-license 211ms (cache miss)
npm http fetch GET 200 https://registry.npmjs.org/supports-color 34ms (cache miss)
npm http fetch GET 200 https://registry.npmjs.org/sax 37ms (cache miss)
npm http fetch GET 200 https://registry.npmjs.org/ci-info 42ms (cache miss)
npm http fetch GET 200 https://registry.npmjs.org/config-file-ts 44ms (cache miss)
npm http fetch GET 200 https://registry.npmjs.org/7zip-bin 213ms (cache miss)
npm http fetch GET 200 https://registry.npmjs.org/json5 32ms (cache miss)
npm http fetch GET 200 https://registry.npmjs.org/dotenv 42ms (cache miss)
npm http fetch GET 200 https://registry.npmjs.org/dotenv-expand 46ms (cache miss)
npm http fetch GET 200 https://registry.npmjs.org/y18n 47ms (cache miss)
npm http fetch GET 200 https://registry.npmjs.org/cliui 34ms (cache miss)
npm http fetch GET 200 https://registry.npmjs.org/escalade 50ms (cache miss)
npm http fetch GET 200 https://registry.npmjs.org/get-caller-file 33ms (cache miss)
npm http fetch GET 200 https://registry.npmjs.org/string-width 51ms (cache miss)
npm http fetch GET 200 https://registry.npmjs.org/yargs-parser 38ms (cache miss)
npm http fetch GET 200 https://registry.npmjs.org/require-directory 46ms (cache miss)
npm http fetch GET 200 https://registry.npmjs.org/app-builder-bin 205ms (cache miss)
npm http fetch GET 200 https://registry.npmjs.org/@develar%2fschema-utils 607ms (cache miss)
npm http cache https://registry.npmjs.org/minimatch 4ms (cache hit)
npm http cache https://registry.npmjs.org/isbinaryfile 8ms (cache hit)
npm http fetch GET 200 https://registry.npmjs.org/compare-version 30ms (cache miss)
npm http fetch GET 200 https://registry.npmjs.org/minimist 35ms (cache miss)
npm http fetch GET 200 https://registry.npmjs.org/plist 36ms (cache miss)
npm http fetch GET 200 https://registry.npmjs.org/plist 38ms (cache miss)
npm http fetch GET 200 https://registry.npmjs.org/promise-retry 42ms (cache miss)
npm http fetch GET 200 https://registry.npmjs.org/ajv-keywords 44ms (cache miss)
npm http fetch GET 200 https://registry.npmjs.org/dir-compare 38ms (cache miss)
npm http fetch GET 200 https://registry.npmjs.org/@electron%2fasar 51ms (cache miss)
npm http fetch GET 200 https://registry.npmjs.org/@malept%2fcross-spawn-promise 42ms (cache miss)
npm http fetch GET 200 https://registry.npmjs.org/tmp-promise 36ms (cache miss)
npm http fetch GET 200 https://registry.npmjs.org/lodash 41ms (cache miss)
npm http fetch GET 200 https://registry.npmjs.org/hasown 33ms (cache miss)
npm http fetch GET 200 https://registry.npmjs.org/ajv 82ms (cache miss)
npm http fetch GET 200 https://registry.npmjs.org/jake 44ms (cache miss)
npm http fetch GET 200 https://registry.npmjs.org/mime 46ms (cache miss)
npm http fetch GET 200 https://registry.npmjs.org/bluebird 57ms (cache miss)
npm http fetch GET 200 https://registry.npmjs.org/asynckit 42ms (cache miss)
npm http fetch GET 200 https://registry.npmjs.org/combined-stream 30ms (cache miss)
npm http fetch GET 200 https://registry.npmjs.org/es-set-tostringtag 28ms (cache miss)
npm http fetch GET 200 https://registry.npmjs.org/argparse 24ms (cache miss)
npm http fetch GET 200 https://registry.npmjs.org/mime-types 41ms (cache miss)
npm http fetch GET 200 https://registry.npmjs.org/brace-expansion 33ms (cache miss)
npm http fetch GET 200 https://registry.npmjs.org/lru-cache 43ms (cache miss)
npm http fetch GET 200 https://registry.npmjs.org/truncate-utf8-bytes 34ms (cache miss)
npm http fetch GET 200 https://registry.npmjs.org/chownr 31ms (cache miss)
npm http fetch GET 200 https://registry.npmjs.org/mkdirp 29ms (cache miss)
npm http fetch GET 200 https://registry.npmjs.org/yallist 29ms (cache miss)
npm http fetch GET 200 https://registry.npmjs.org/minizlib 24ms (cache miss)
npm http fetch GET 200 https://registry.npmjs.org/fs-minipass 30ms (cache miss)
npm http fetch GET 200 https://registry.npmjs.org/minipass 55ms (cache miss)
npm http fetch GET 200 https://registry.npmjs.org/fast-json-stable-stringify 27ms (cache miss)
npm http fetch GET 200 https://registry.npmjs.org/uri-js 28ms (cache miss)
npm http fetch GET 200 https://registry.npmjs.org/fast-deep-equal 28ms (cache miss)
npm http fetch GET 200 https://registry.npmjs.org/json-schema-traverse 34ms (cache miss)
npm http fetch GET 200 https://registry.npmjs.org/at-least-node 22ms (cache miss)
npm http fetch GET 200 https://registry.npmjs.org/retry 23ms (cache miss)
npm http fetch GET 200 https://registry.npmjs.org/err-code 30ms (cache miss)
npm http fetch GET 200 https://registry.npmjs.org/base64-js 35ms (cache miss)
npm http fetch GET 200 https://registry.npmjs.org/xmlbuilder 45ms (cache miss)
npm http fetch GET 200 https://registry.npmjs.org/@xmldom%2fxmldom 50ms (cache miss)
npm http cache https://registry.npmjs.org/brace-expansion 3ms (cache hit)
npm http cache https://registry.npmjs.org/cross-spawn 5ms (cache hit)
npm http fetch GET 200 https://registry.npmjs.org/buffer-equal 36ms (cache miss)
npm http fetch GET 200 https://registry.npmjs.org/commander 57ms (cache miss)
npm http fetch GET 200 https://registry.npmjs.org/glob 60ms (cache miss)
npm http fetch GET 200 https://registry.npmjs.org/once 23ms (cache miss)
npm http fetch GET 200 https://registry.npmjs.org/inherits 22ms (cache miss)
npm http fetch GET 200 https://registry.npmjs.org/inflight 40ms (cache miss)
npm http fetch GET 200 https://registry.npmjs.org/path-is-absolute 40ms (cache miss)
npm http fetch GET 200 https://registry.npmjs.org/fs.realpath 40ms (cache miss)
npm http fetch GET 200 https://registry.npmjs.org/path-key 76ms (cache miss)
npm http fetch GET 200 https://registry.npmjs.org/shebang-command 77ms (cache miss)
npm http fetch GET 200 https://registry.npmjs.org/which 78ms (cache miss)
npm http fetch GET 200 https://registry.npmjs.org/tmp 46ms (cache miss)
npm http fetch GET 200 https://registry.npmjs.org/punycode 27ms (cache miss)
npm http fetch GET 200 https://registry.npmjs.org/buffer-from 25ms (cache miss)
npm http fetch GET 200 https://registry.npmjs.org/agent-base 28ms (cache miss)
npm http fetch GET 200 https://registry.npmjs.org/agent-base 29ms (cache miss)
npm http fetch GET 200 https://registry.npmjs.org/@tootallnate%2fonce 35ms (cache miss)
npm http fetch GET 200 https://registry.npmjs.org/@types%2fms 36ms (cache miss)
npm http fetch GET 200 https://registry.npmjs.org/source-map 42ms (cache miss)
npm http fetch GET 200 https://registry.npmjs.org/color-convert 37ms (cache miss)
npm http fetch GET 200 https://registry.npmjs.org/has-flag 39ms (cache miss)
npm http fetch GET 200 https://registry.npmjs.org/color-name 33ms (cache miss)
npm http fetch GET 200 https://registry.npmjs.org/isexe 23ms (cache miss)
npm http fetch GET 200 https://registry.npmjs.org/shebang-regex 24ms (cache miss)
npm http fetch GET 200 https://registry.npmjs.org/safer-buffer 26ms (cache miss)
npm http fetch GET 200 https://registry.npmjs.org/verror 36ms (cache miss)
npm http fetch GET 200 https://registry.npmjs.org/smart-buffer 49ms (cache miss)
npm http fetch GET 200 https://registry.npmjs.org/iconv-corefoundation 205ms (cache miss)
npm http fetch GET 200 https://registry.npmjs.org/crc 215ms (cache miss)
npm http fetch GET 200 https://registry.npmjs.org/@types%2fplist 353ms (cache miss)
npm http fetch GET 200 https://registry.npmjs.org/@types%2fverror 380ms (cache miss)
npm http cache https://registry.npmjs.org/xmlbuilder 5ms (cache hit)
npm http cache https://registry.npmjs.org/node-addon-api 7ms (cache hit)
npm http fetch GET 200 https://registry.npmjs.org/core-util-is 37ms (cache miss)
npm http fetch GET 200 https://registry.npmjs.org/extsprintf 38ms (cache miss)
npm http fetch GET 200 https://registry.npmjs.org/assert-plus 39ms (cache miss)
npm http fetch GET 200 https://registry.npmjs.org/buffer 39ms (cache miss)
npm http fetch GET 200 https://registry.npmjs.org/cli-truncate 198ms (cache miss)
npm http cache https://registry.npmjs.org/base64-js 2ms (cache hit)
npm http fetch GET 200 https://registry.npmjs.org/ieee754 58ms (cache miss)
npm http fetch GET 200 https://registry.npmjs.org/picocolors 26ms (cache miss)
npm http fetch GET 200 https://registry.npmjs.org/filelist 31ms (cache miss)
npm http fetch GET 200 https://registry.npmjs.org/async 53ms (cache miss)
npm http cache https://registry.npmjs.org/async 6ms (cache hit)
npm http fetch GET 200 https://registry.npmjs.org/archiver-utils 31ms (cache miss)
npm http fetch GET 200 https://registry.npmjs.org/tar-stream 33ms (cache miss)
npm http fetch GET 200 https://registry.npmjs.org/zip-stream 38ms (cache miss)
npm http fetch GET 200 https://registry.npmjs.org/buffer-crc32 38ms (cache miss)
npm http fetch GET 200 https://registry.npmjs.org/readdir-glob 39ms (cache miss)
npm http fetch GET 200 https://registry.npmjs.org/readable-stream 48ms (cache miss)
npm http cache https://registry.npmjs.org/inherits 3ms (cache hit)
npm http cache https://registry.npmjs.org/readable-stream 5ms (cache hit)
npm http fetch GET 200 https://registry.npmjs.org/lazystream 25ms (cache miss)
npm http fetch GET 200 https://registry.npmjs.org/lodash.flatten 25ms (cache miss)
npm http fetch GET 200 https://registry.npmjs.org/lodash.isplainobject 28ms (cache miss)
npm http fetch GET 200 https://registry.npmjs.org/lodash.union 30ms (cache miss)
npm http fetch GET 200 https://registry.npmjs.org/lodash.difference 31ms (cache miss)
npm http fetch GET 200 https://registry.npmjs.org/lodash.defaults 33ms (cache miss)
npm http cache https://registry.npmjs.org/archiver-utils 3ms (cache hit)
npm http fetch GET 200 https://registry.npmjs.org/util-deprecate 28ms (cache miss)
npm http fetch GET 200 https://registry.npmjs.org/normalize-path 35ms (cache miss)
npm http fetch GET 200 https://registry.npmjs.org/string_decoder 42ms (cache miss)
npm http fetch GET 200 https://registry.npmjs.org/end-of-stream 20ms (cache miss)
npm http fetch GET 200 https://registry.npmjs.org/fs-constants 25ms (cache miss)
npm http fetch GET 200 https://registry.npmjs.org/bl 34ms (cache miss)
npm http fetch GET 200 https://registry.npmjs.org/compress-commons 38ms (cache miss)
npm http cache https://registry.npmjs.org/string_decoder 3ms (cache hit)
npm http cache https://registry.npmjs.org/util-deprecate 3ms (cache hit)
npm http cache https://registry.npmjs.org/core-util-is 3ms (cache hit)
npm http fetch GET 200 https://registry.npmjs.org/isarray 28ms (cache miss)
npm http fetch GET 200 https://registry.npmjs.org/process-nextick-args 37ms (cache miss)
npm http fetch GET 200 https://registry.npmjs.org/safe-buffer 46ms (cache miss)
npm http fetch GET 200 https://registry.npmjs.org/pump 25ms (cache miss)
npm http fetch GET 200 https://registry.npmjs.org/fd-slicer 41ms (cache miss)
npm http cache https://registry.npmjs.org/hasown 2ms (cache hit)
npm http fetch GET 200 https://registry.npmjs.org/es-errors 28ms (cache miss)
npm http fetch GET 200 https://registry.npmjs.org/function-bind 28ms (cache miss)
npm http fetch GET 200 https://registry.npmjs.org/has-tostringtag 28ms (cache miss)
npm http fetch GET 200 https://registry.npmjs.org/delayed-stream 29ms (cache miss)
npm http fetch GET 200 https://registry.npmjs.org/get-intrinsic 29ms (cache miss)
npm http fetch GET 200 https://registry.npmjs.org/mime-db 35ms (cache miss)
npm http fetch GET 200 https://registry.npmjs.org/math-intrinsics 23ms (cache miss)
npm http fetch GET 200 https://registry.npmjs.org/es-object-atoms 24ms (cache miss)
npm http fetch GET 200 https://registry.npmjs.org/has-symbols 25ms (cache miss)
npm http fetch GET 200 https://registry.npmjs.org/es-define-property 33ms (cache miss)
npm http fetch GET 200 https://registry.npmjs.org/get-proto 33ms (cache miss)
npm http fetch GET 200 https://registry.npmjs.org/call-bind-apply-helpers 32ms (cache miss)
npm http fetch GET 200 https://registry.npmjs.org/has-symbols 39ms (cache miss)
npm http fetch GET 200 https://registry.npmjs.org/gopd 39ms (cache miss)
npm http fetch GET 200 https://registry.npmjs.org/dunder-proto 42ms (cache miss)
npm http cache https://registry.npmjs.org/end-of-stream 1ms (cache hit)
npm http cache https://registry.npmjs.org/once 1ms (cache hit)
npm http fetch GET 200 https://registry.npmjs.org/wrappy 25ms (cache miss)
npm http fetch GET 200 https://registry.npmjs.org/wrappy 25ms (cache miss)
npm http fetch GET 200 https://registry.npmjs.org/escape-string-regexp 34ms (cache miss)
npm http fetch GET 200 https://registry.npmjs.org/globalthis 34ms (cache miss)
npm http fetch GET 200 https://registry.npmjs.org/semver-compare 36ms (cache miss)
npm http fetch GET 200 https://registry.npmjs.org/sprintf-js 37ms (cache miss)
npm http fetch GET 200 https://registry.npmjs.org/json-stringify-safe 38ms (cache miss)
npm http fetch GET 200 https://registry.npmjs.org/detect-node 38ms (cache miss)
npm http fetch GET 200 https://registry.npmjs.org/type-fest 69ms (cache miss)
npm http fetch GET 200 https://registry.npmjs.org/clone-response 54ms (cache miss)
npm http fetch GET 200 https://registry.npmjs.org/defer-to-connect 56ms (cache miss)
npm http fetch GET 200 https://registry.npmjs.org/normalize-url 56ms (cache miss)
npm http fetch GET 200 https://registry.npmjs.org/mimic-response 57ms (cache miss)
npm http fetch GET 200 https://registry.npmjs.org/@types%2fkeyv 58ms (cache miss)
npm http fetch GET 200 https://registry.npmjs.org/keyv 59ms (cache miss)
npm http fetch GET 200 https://registry.npmjs.org/http-cache-semantics 74ms (cache miss)
npm http fetch GET 200 https://registry.npmjs.org/@types%2fhttp-cache-semantics 75ms (cache miss)
npm http fetch GET 200 https://registry.npmjs.org/quick-lru 75ms (cache miss)
npm http fetch GET 200 https://registry.npmjs.org/resolve-alpn 42ms (cache miss)
npm http cache https://registry.npmjs.org/mimic-response 1ms (cache hit)
npm http fetch GET 200 https://registry.npmjs.org/json-buffer 41ms (cache miss)
npm http cache https://registry.npmjs.org/string-width 2ms (cache hit)
npm http fetch GET 200 https://registry.npmjs.org/slice-ansi 30ms (cache miss)
npm http fetch GET 200 https://registry.npmjs.org/astral-regex 38ms (cache miss)
npm http fetch GET 200 https://registry.npmjs.org/is-fullwidth-code-point 40ms (cache miss)
npm http fetch GET 200 https://registry.npmjs.org/strip-ansi 41ms (cache miss)
npm http fetch GET 200 https://registry.npmjs.org/is-fullwidth-code-point 54ms (cache miss)
npm http fetch GET 200 https://registry.npmjs.org/emoji-regex 54ms (cache miss)
npm http fetch GET 200 https://registry.npmjs.org/balanced-match 29ms (cache miss)
npm http cache https://registry.npmjs.org/glob 3ms (cache hit)
npm http fetch GET 200 https://registry.npmjs.org/typescript 599ms (cache miss)
npm http cache https://registry.npmjs.org/minipass 4ms (cache hit)
npm http fetch GET 200 https://registry.npmjs.org/package-json-from-dist 24ms (cache miss)
npm http fetch GET 200 https://registry.npmjs.org/path-scurry 31ms (cache miss)
npm http fetch GET 200 https://registry.npmjs.org/foreground-child 32ms (cache miss)
npm http fetch GET 200 https://registry.npmjs.org/jackspeak 37ms (cache miss)
npm http cache https://registry.npmjs.org/safe-buffer 1ms (cache hit)
npm http fetch GET 200 https://registry.npmjs.org/define-properties 33ms (cache miss)
npm http fetch GET 200 https://registry.npmjs.org/define-data-property 26ms (cache miss)
npm http fetch GET 200 https://registry.npmjs.org/has-property-descriptors 30ms (cache miss)
npm http fetch GET 200 https://registry.npmjs.org/object-keys 42ms (cache miss)
npm http fetch GET 200 https://registry.npmjs.org/utf8-byte-length 24ms (cache miss)
npm http fetch GET 200 https://registry.npmjs.org/ansi-regex 22ms (cache miss)
npm http fetch GET 200 https://registry.npmjs.org/wrap-ansi 40ms (cache miss)
npm http fetch GET 200 https://registry.npmjs.org/pend 27ms (cache miss)
npm http fetch GET 200 https://registry.npmjs.org/crc32-stream 34ms (cache miss)
npm http fetch GET 200 https://registry.npmjs.org/crc-32 27ms (cache miss)
npm http fetch GET 200 https://registry.npmjs.org/concat-map 32ms (cache miss)
npm http cache https://registry.npmjs.org/lru-cache 2ms (cache hit)
npm http fetch GET 200 https://registry.npmjs.org/signal-exit 28ms (cache miss)
npm http fetch GET 200 https://registry.npmjs.org/@pkgjs%2fparseargs 36ms (cache miss)
npm http fetch GET 200 https://registry.npmjs.org/@isaacs%2fcliui 72ms (cache miss)
npm http cache https://registry.npmjs.org/strip-ansi 9ms (cache hit)
npm http cache https://registry.npmjs.org/strip-ansi 12ms (cache hit)
npm http cache https://registry.npmjs.org/wrap-ansi 12ms (cache hit)
npm http cache https://registry.npmjs.org/wrap-ansi 17ms (cache hit)
npm http cache https://registry.npmjs.org/ansi-styles 9ms (cache hit)
npm http cache https://registry.npmjs.org/emoji-regex 16ms (cache hit)
npm http cache https://registry.npmjs.org/ansi-regex 16ms (cache hit)
npm http fetch GET 200 https://registry.npmjs.org/eastasianwidth 28ms (cache miss)
npm http cache wrap-ansi-cjs@https://registry.npmjs.org/wrap-ansi/-/wrap-ansi-7.0.0.tgz 0ms (cache hit)
npm http cache eastasianwidth@https://registry.npmjs.org/eastasianwidth/-/eastasianwidth-0.2.0.tgz 0ms (cache hit)
npm http cache string-width-cjs@https://registry.npmjs.org/string-width/-/string-width-4.2.3.tgz 0ms (cache hit)
npm http cache @pkgjs/parseargs@https://registry.npmjs.org/@pkgjs/parseargs/-/parseargs-0.11.0.tgz 0ms (cache hit)
npm http cache @isaacs/cliui@https://registry.npmjs.org/@isaacs/cliui/-/cliui-8.0.2.tgz 0ms (cache hit)
npm http cache strip-ansi-cjs@https://registry.npmjs.org/strip-ansi/-/strip-ansi-6.0.1.tgz 0ms (cache hit)
npm http cache signal-exit@https://registry.npmjs.org/signal-exit/-/signal-exit-4.1.0.tgz 0ms (cache hit)
npm http cache path-scurry@https://registry.npmjs.org/path-scurry/-/path-scurry-1.11.1.tgz 0ms (cache hit)
npm http cache foreground-child@https://registry.npmjs.org/foreground-child/-/foreground-child-3.3.1.tgz 0ms (cache hit)
npm http cache concat-map@https://registry.npmjs.org/concat-map/-/concat-map-0.0.1.tgz 0ms (cache hit)
npm http cache package-json-from-dist@https://registry.npmjs.org/package-json-from-dist/-/package-json-from-dist-1.0.1.tgz 0ms (cache hit)
npm http cache at-least-node@https://registry.npmjs.org/at-least-node/-/at-least-node-1.0.0.tgz 0ms (cache hit)
npm http cache isarray@https://registry.npmjs.org/isarray/-/isarray-1.0.0.tgz 0ms (cache hit)
npm http cache process-nextick-args@https://registry.npmjs.org/process-nextick-args/-/process-nextick-args-2.0.1.tgz 0ms (cache hit)
npm http cache jackspeak@https://registry.npmjs.org/jackspeak/-/jackspeak-3.4.3.tgz 0ms (cache hit)
npm http cache crc-32@https://registry.npmjs.org/crc-32/-/crc-32-1.2.2.tgz 0ms (cache hit)
npm http cache compress-commons@https://registry.npmjs.org/compress-commons/-/compress-commons-4.1.2.tgz 0ms (cache hit)
npm http cache fd-slicer@https://registry.npmjs.org/fd-slicer/-/fd-slicer-1.1.0.tgz 0ms (cache hit)
npm http cache wrap-ansi@https://registry.npmjs.org/wrap-ansi/-/wrap-ansi-7.0.0.tgz 0ms (cache hit)
npm http cache yargs-parser@https://registry.npmjs.org/yargs-parser/-/yargs-parser-21.1.1.tgz 0ms (cache hit)
npm http cache crc32-stream@https://registry.npmjs.org/crc32-stream/-/crc32-stream-4.0.3.tgz 0ms (cache hit)
npm http cache y18n@https://registry.npmjs.org/y18n/-/y18n-5.0.8.tgz 0ms (cache hit)
npm http cache escalade@https://registry.npmjs.org/escalade/-/escalade-3.2.0.tgz 0ms (cache hit)
npm http cache require-directory@https://registry.npmjs.org/require-directory/-/require-directory-2.1.1.tgz 0ms (cache hit)
npm http cache extsprintf@https://registry.npmjs.org/extsprintf/-/extsprintf-1.4.1.tgz 0ms (cache hit)
npm http cache isexe@https://registry.npmjs.org/isexe/-/isexe-2.0.0.tgz 0ms (cache hit)
npm http cache cliui@https://registry.npmjs.org/cliui/-/cliui-8.0.1.tgz 0ms (cache hit)
npm http cache pend@https://registry.npmjs.org/pend/-/pend-1.2.0.tgz 0ms (cache hit)
npm http cache core-util-is@https://registry.npmjs.org/core-util-is/-/core-util-is-1.0.2.tgz 0ms (cache hit)
npm http cache punycode@https://registry.npmjs.org/punycode/-/punycode-2.3.1.tgz 0ms (cache hit)
npm http cache tmp@https://registry.npmjs.org/tmp/-/tmp-0.2.7.tgz 0ms (cache hit)
npm http cache utf8-byte-length@https://registry.npmjs.org/utf8-byte-length/-/utf8-byte-length-1.0.5.tgz 0ms (cache hit)
npm http cache get-caller-file@https://registry.npmjs.org/get-caller-file/-/get-caller-file-2.0.5.tgz 0ms (cache hit)
npm http cache assert-plus@https://registry.npmjs.org/assert-plus/-/assert-plus-1.0.0.tgz 0ms (cache hit)
npm http cache fs-constants@https://registry.npmjs.org/fs-constants/-/fs-constants-1.0.0.tgz 0ms (cache hit)
npm http cache bl@https://registry.npmjs.org/bl/-/bl-4.1.0.tgz 0ms (cache hit)
npm http cache minizlib@https://registry.npmjs.org/minizlib/-/minizlib-2.1.2.tgz 0ms (cache hit)
npm http cache mkdirp@https://registry.npmjs.org/mkdirp/-/mkdirp-1.0.4.tgz 0ms (cache hit)
npm http cache minipass@https://registry.npmjs.org/minipass/-/minipass-5.0.0.tgz 0ms (cache hit)
npm http cache chownr@https://registry.npmjs.org/chownr/-/chownr-2.0.0.tgz 0ms (cache hit)
npm http cache has-flag@https://registry.npmjs.org/has-flag/-/has-flag-4.0.0.tgz 0ms (cache hit)
npm http cache safe-buffer@https://registry.npmjs.org/safe-buffer/-/safe-buffer-5.2.1.tgz 0ms (cache hit)
npm http cache fs-minipass@https://registry.npmjs.org/fs-minipass/-/fs-minipass-2.1.0.tgz 0ms (cache hit)
npm http cache ansi-regex@https://registry.npmjs.org/ansi-regex/-/ansi-regex-5.0.1.tgz 0ms (cache hit)
npm http cache emoji-regex@https://registry.npmjs.org/emoji-regex/-/emoji-regex-8.0.0.tgz 0ms (cache hit)
npm http cache strip-ansi@https://registry.npmjs.org/strip-ansi/-/strip-ansi-6.0.1.tgz 0ms (cache hit)
npm http cache source-map@https://registry.npmjs.org/source-map/-/source-map-0.6.1.tgz 0ms (cache hit)
npm http cache astral-regex@https://registry.npmjs.org/astral-regex/-/astral-regex-2.0.0.tgz 0ms (cache hit)
npm http cache buffer-from@https://registry.npmjs.org/buffer-from/-/buffer-from-1.1.2.tgz 0ms (cache hit)
npm http cache is-fullwidth-code-point@https://registry.npmjs.org/is-fullwidth-code-point/-/is-fullwidth-code-point-3.0.0.tgz 0ms (cache hit)
npm http cache shebang-regex@https://registry.npmjs.org/shebang-regex/-/shebang-regex-3.0.0.tgz 0ms (cache hit)
npm http cache type-fest@https://registry.npmjs.org/type-fest/-/type-fest-0.13.1.tgz 0ms (cache hit)
npm http cache truncate-utf8-bytes@https://registry.npmjs.org/truncate-utf8-bytes/-/truncate-utf8-bytes-1.0.2.tgz 0ms (cache hit)
npm http cache define-data-property@https://registry.npmjs.org/define-data-property/-/define-data-property-1.1.4.tgz 0ms (cache hit)
npm http cache sprintf-js@https://registry.npmjs.org/sprintf-js/-/sprintf-js-1.1.3.tgz 0ms (cache hit)
npm http cache define-properties@https://registry.npmjs.org/define-properties/-/define-properties-1.2.1.tgz 0ms (cache hit)
npm http cache object-keys@https://registry.npmjs.org/object-keys/-/object-keys-1.1.1.tgz 0ms (cache hit)
npm http cache has-property-descriptors@https://registry.npmjs.org/has-property-descriptors/-/has-property-descriptors-1.0.2.tgz 0ms (cache hit)
npm http cache semver-compare@https://registry.npmjs.org/semver-compare/-/semver-compare-1.0.0.tgz 0ms (cache hit)
npm http cache json-stringify-safe@https://registry.npmjs.org/json-stringify-safe/-/json-stringify-safe-5.0.1.tgz 0ms (cache hit)
npm http cache util-deprecate@https://registry.npmjs.org/util-deprecate/-/util-deprecate-1.0.2.tgz 0ms (cache hit)
npm http cache globalthis@https://registry.npmjs.org/globalthis/-/globalthis-1.0.4.tgz 0ms (cache hit)
npm http cache string_decoder@https://registry.npmjs.org/string_decoder/-/string_decoder-1.3.0.tgz 0ms (cache hit)
npm http cache dotenv@https://registry.npmjs.org/dotenv/-/dotenv-9.0.2.tgz 0ms (cache hit)
npm http cache config-file-ts@https://registry.npmjs.org/config-file-ts/-/config-file-ts-0.2.6.tgz 0ms (cache hit)
npm http cache dotenv-expand@https://registry.npmjs.org/dotenv-expand/-/dotenv-expand-5.1.0.tgz 0ms (cache hit)
npm http cache end-of-stream@https://registry.npmjs.org/end-of-stream/-/end-of-stream-1.4.5.tgz 0ms (cache hit)
npm http cache detect-node@https://registry.npmjs.org/detect-node/-/detect-node-2.1.0.tgz 0ms (cache hit)
npm http cache json5@https://registry.npmjs.org/json5/-/json5-2.2.3.tgz 0ms (cache hit)
npm http cache typescript@https://registry.npmjs.org/typescript/-/typescript-5.9.3.tgz 0ms (cache hit)
npm http cache retry@https://registry.npmjs.org/retry/-/retry-0.12.0.tgz 0ms (cache hit)
npm http cache @xmldom/xmldom@https://registry.npmjs.org/@xmldom/xmldom/-/xmldom-0.9.12.tgz 0ms (cache hit)
npm http cache escape-string-regexp@https://registry.npmjs.org/escape-string-regexp/-/escape-string-regexp-4.0.0.tgz 0ms (cache hit)
npm http cache err-code@https://registry.npmjs.org/err-code/-/err-code-2.0.3.tgz 0ms (cache hit)
npm http cache json-buffer@https://registry.npmjs.org/json-buffer/-/json-buffer-3.0.1.tgz 0ms (cache hit)
npm http cache yallist@https://registry.npmjs.org/yallist/-/yallist-4.0.0.tgz 0ms (cache hit)
npm http cache brace-expansion@https://registry.npmjs.org/brace-expansion/-/brace-expansion-2.1.4.tgz 0ms (cache hit)
npm http cache argparse@https://registry.npmjs.org/argparse/-/argparse-2.0.1.tgz 0ms (cache hit)
npm http cache balanced-match@https://registry.npmjs.org/balanced-match/-/balanced-match-1.0.2.tgz 0ms (cache hit)
npm http cache safer-buffer@https://registry.npmjs.org/safer-buffer/-/safer-buffer-2.1.2.tgz 0ms (cache hit)
npm http cache ci-info@https://registry.npmjs.org/ci-info/-/ci-info-3.9.0.tgz 0ms (cache hit)
npm http cache filelist@https://registry.npmjs.org/filelist/-/filelist-1.0.6.tgz 0ms (cache hit)
npm http cache slice-ansi@https://registry.npmjs.org/slice-ansi/-/slice-ansi-3.0.0.tgz 0ms (cache hit)
npm http cache mime-db@https://registry.npmjs.org/mime-db/-/mime-db-1.52.0.tgz 0ms (cache hit)
npm http cache node-addon-api@https://registry.npmjs.org/node-addon-api/-/node-addon-api-1.7.2.tgz 0ms (cache hit)
npm http cache picocolors@https://registry.npmjs.org/picocolors/-/picocolors-1.1.1.tgz 0ms (cache hit)
npm http cache cli-truncate@https://registry.npmjs.org/cli-truncate/-/cli-truncate-2.1.0.tgz 0ms (cache hit)
npm http cache quick-lru@https://registry.npmjs.org/quick-lru/-/quick-lru-5.1.1.tgz 0ms (cache hit)
npm http cache wrappy@https://registry.npmjs.org/wrappy/-/wrappy-1.0.2.tgz 0ms (cache hit)
npm http cache resolve-alpn@https://registry.npmjs.org/resolve-alpn/-/resolve-alpn-1.2.1.tgz 0ms (cache hit)
npm http cache agent-base@https://registry.npmjs.org/agent-base/-/agent-base-6.0.2.tgz 0ms (cache hit)
npm http cache normalize-url@https://registry.npmjs.org/normalize-url/-/normalize-url-6.1.0.tgz 0ms (cache hit)
npm http cache string-width@https://registry.npmjs.org/string-width/-/string-width-4.2.3.tgz 0ms (cache hit)
npm http cache clone-response@https://registry.npmjs.org/clone-response/-/clone-response-1.0.3.tgz 0ms (cache hit)
npm http cache @types/keyv@https://registry.npmjs.org/@types/keyv/-/keyv-3.1.4.tgz 0ms (cache hit)
npm http cache keyv@https://registry.npmjs.org/keyv/-/keyv-4.5.4.tgz 0ms (cache hit)
npm http cache @types/http-cache-semantics@https://registry.npmjs.org/@types/http-cache-semantics/-/http-cache-semantics-4.2.0.tgz 0ms (cache hit)
npm http cache lru-cache@https://registry.npmjs.org/lru-cache/-/lru-cache-6.0.0.tgz 0ms (cache hit)
npm http cache responselike@https://registry.npmjs.org/responselike/-/responselike-2.0.1.tgz 0ms (cache hit)
npm http cache defer-to-connect@https://registry.npmjs.org/defer-to-connect/-/defer-to-connect-2.0.1.tgz 0ms (cache hit)
npm http cache mimic-response@https://registry.npmjs.org/mimic-response/-/mimic-response-1.0.1.tgz 0ms (cache hit)
npm http cache @tootallnate/once@https://registry.npmjs.org/@tootallnate/once/-/once-2.0.1.tgz 0ms (cache hit)
npm http cache http2-wrapper@https://registry.npmjs.org/http2-wrapper/-/http2-wrapper-1.0.3.tgz 0ms (cache hit)
npm http cache cacheable-request@https://registry.npmjs.org/cacheable-request/-/cacheable-request-7.0.4.tgz 0ms (cache hit)
npm http cache p-cancelable@https://registry.npmjs.org/p-cancelable/-/p-cancelable-2.1.1.tgz 0ms (cache hit)
npm http cache http-cache-semantics@https://registry.npmjs.org/http-cache-semantics/-/http-cache-semantics-4.2.0.tgz 0ms (cache hit)
npm http cache decompress-response@https://registry.npmjs.org/decompress-response/-/decompress-response-6.0.0.tgz 0ms (cache hit)
npm http cache lowercase-keys@https://registry.npmjs.org/lowercase-keys/-/lowercase-keys-2.0.0.tgz 0ms (cache hit)
npm http cache cacheable-lookup@https://registry.npmjs.org/cacheable-lookup/-/cacheable-lookup-5.0.4.tgz 0ms (cache hit)
npm http cache @types/cacheable-request@https://registry.npmjs.org/@types/cacheable-request/-/cacheable-request-6.0.3.tgz 0ms (cache hit)
npm http cache @sindresorhus/is@https://registry.npmjs.org/@sindresorhus/is/-/is-4.6.0.tgz 0ms (cache hit)
npm http cache roarr@https://registry.npmjs.org/roarr/-/roarr-2.15.4.tgz 0ms (cache hit)
npm http cache serialize-error@https://registry.npmjs.org/serialize-error/-/serialize-error-7.0.1.tgz 0ms (cache hit)
npm http cache @types/responselike@https://registry.npmjs.org/@types/responselike/-/responselike-1.0.3.tgz 0ms (cache hit)
npm http cache boolean@https://registry.npmjs.org/boolean/-/boolean-3.2.0.tgz 0ms (cache hit)
npm http cache es6-error@https://registry.npmjs.org/es6-error/-/es6-error-4.1.1.tgz 0ms (cache hit)
npm http cache matcher@https://registry.npmjs.org/matcher/-/matcher-3.0.0.tgz 0ms (cache hit)
npm http cache path-is-absolute@https://registry.npmjs.org/path-is-absolute/-/path-is-absolute-1.0.1.tgz 0ms (cache hit)
npm http cache inherits@https://registry.npmjs.org/inherits/-/inherits-2.0.4.tgz 0ms (cache hit)
npm http cache pump@https://registry.npmjs.org/pump/-/pump-3.0.4.tgz 0ms (cache hit)
npm http cache once@https://registry.npmjs.org/once/-/once-1.4.0.tgz 0ms (cache hit)
npm http cache inflight@https://registry.npmjs.org/inflight/-/inflight-1.0.6.tgz 0ms (cache hit)
npm http cache dunder-proto@https://registry.npmjs.org/dunder-proto/-/dunder-proto-1.0.1.tgz 0ms (cache hit)
npm http cache has-symbols@https://registry.npmjs.org/has-symbols/-/has-symbols-1.1.0.tgz 0ms (cache hit)
npm http cache fs.realpath@https://registry.npmjs.org/fs.realpath/-/fs.realpath-1.0.0.tgz 0ms (cache hit)
npm http cache gopd@https://registry.npmjs.org/gopd/-/gopd-1.2.0.tgz 0ms (cache hit)
npm http cache math-intrinsics@https://registry.npmjs.org/math-intrinsics/-/math-intrinsics-1.1.0.tgz 0ms (cache hit)
npm http cache es-object-atoms@https://registry.npmjs.org/es-object-atoms/-/es-object-atoms-1.1.2.tgz 0ms (cache hit)
npm http cache get-proto@https://registry.npmjs.org/get-proto/-/get-proto-1.0.1.tgz 0ms (cache hit)
npm http cache es-define-property@https://registry.npmjs.org/es-define-property/-/es-define-property-1.0.1.tgz 0ms (cache hit)
npm http cache function-bind@https://registry.npmjs.org/function-bind/-/function-bind-1.1.2.tgz 0ms (cache hit)
npm http cache call-bind-apply-helpers@https://registry.npmjs.org/call-bind-apply-helpers/-/call-bind-apply-helpers-1.0.2.tgz 0ms (cache hit)
npm http cache has-tostringtag@https://registry.npmjs.org/has-tostringtag/-/has-tostringtag-1.0.2.tgz 0ms (cache hit)
npm http cache jsonfile@https://registry.npmjs.org/jsonfile/-/jsonfile-4.0.0.tgz 0ms (cache hit)
npm http cache es-errors@https://registry.npmjs.org/es-errors/-/es-errors-1.3.0.tgz 0ms (cache hit)
npm http cache delayed-stream@https://registry.npmjs.org/delayed-stream/-/delayed-stream-1.0.0.tgz 0ms (cache hit)
npm http cache es-set-tostringtag@https://registry.npmjs.org/es-set-tostringtag/-/es-set-tostringtag-2.1.0.tgz 0ms (cache hit)
npm http cache hasown@https://registry.npmjs.org/hasown/-/hasown-2.0.4.tgz 0ms (cache hit)
npm http cache @szmarczak/http-timer@https://registry.npmjs.org/@szmarczak/http-timer/-/http-timer-4.0.6.tgz 0ms (cache hit)
npm http cache get-intrinsic@https://registry.npmjs.org/get-intrinsic/-/get-intrinsic-1.3.0.tgz 0ms (cache hit)
npm http cache get-stream@https://registry.npmjs.org/get-stream/-/get-stream-5.2.0.tgz 0ms (cache hit)
npm http cache universalify@https://registry.npmjs.org/universalify/-/universalify-0.1.2.tgz 0ms (cache hit)
npm http cache asynckit@https://registry.npmjs.org/asynckit/-/asynckit-0.4.0.tgz 0ms (cache hit)
npm http cache normalize-path@https://registry.npmjs.org/normalize-path/-/normalize-path-3.0.0.tgz 0ms (cache hit)
npm http cache combined-stream@https://registry.npmjs.org/combined-stream/-/combined-stream-1.0.8.tgz 0ms (cache hit)
npm http cache lodash.isplainobject@https://registry.npmjs.org/lodash.isplainobject/-/lodash.isplainobject-4.0.6.tgz 0ms (cache hit)
npm http cache lodash.difference@https://registry.npmjs.org/lodash.difference/-/lodash.difference-4.5.0.tgz 0ms (cache hit)
npm http cache lodash.union@https://registry.npmjs.org/lodash.union/-/lodash.union-4.6.0.tgz 0ms (cache hit)
npm http cache lodash.flatten@https://registry.npmjs.org/lodash.flatten/-/lodash.flatten-4.4.0.tgz 0ms (cache hit)
npm http cache yauzl@https://registry.npmjs.org/yauzl/-/yauzl-2.10.0.tgz 0ms (cache hit)
npm http cache graceful-fs@https://registry.npmjs.org/graceful-fs/-/graceful-fs-4.2.11.tgz 0ms (cache hit)
npm http cache tar-stream@https://registry.npmjs.org/tar-stream/-/tar-stream-2.2.0.tgz 0ms (cache hit)
npm http cache readdir-glob@https://registry.npmjs.org/readdir-glob/-/readdir-glob-1.1.3.tgz 0ms (cache hit)
npm http cache lazystream@https://registry.npmjs.org/lazystream/-/lazystream-1.0.1.tgz 0ms (cache hit)
npm http cache zip-stream@https://registry.npmjs.org/zip-stream/-/zip-stream-4.1.1.tgz 0ms (cache hit)
npm http cache buffer-crc32@https://registry.npmjs.org/buffer-crc32/-/buffer-crc32-0.2.13.tgz 0ms (cache hit)
npm http cache readable-stream@https://registry.npmjs.org/readable-stream/-/readable-stream-3.6.2.tgz 0ms (cache hit)
npm http cache archiver@https://registry.npmjs.org/archiver/-/archiver-5.3.2.tgz 0ms (cache hit)
npm http cache archiver-utils@https://registry.npmjs.org/archiver-utils/-/archiver-utils-2.1.0.tgz 0ms (cache hit)
npm http cache async@https://registry.npmjs.org/async/-/async-3.2.6.tgz 0ms (cache hit)
npm http cache jake@https://registry.npmjs.org/jake/-/jake-10.9.4.tgz 0ms (cache hit)
npm http cache base64-js@https://registry.npmjs.org/base64-js/-/base64-js-1.5.1.tgz 0ms (cache hit)
npm http cache ieee754@https://registry.npmjs.org/ieee754/-/ieee754-1.2.1.tgz 0ms (cache hit)
npm http cache mime@https://registry.npmjs.org/mime/-/mime-2.6.0.tgz 0ms (cache hit)
npm http cache verror@https://registry.npmjs.org/verror/-/verror-1.10.1.tgz 0ms (cache hit)
npm http cache xmlbuilder@https://registry.npmjs.org/xmlbuilder/-/xmlbuilder-15.1.1.tgz 0ms (cache hit)
npm http cache buffer@https://registry.npmjs.org/buffer/-/buffer-5.7.1.tgz 0ms (cache hit)
npm http cache @types/yauzl@https://registry.npmjs.org/@types/yauzl/-/yauzl-2.10.3.tgz 0ms (cache hit)
npm http cache smart-buffer@https://registry.npmjs.org/smart-buffer/-/smart-buffer-4.2.0.tgz 0ms (cache hit)
npm http cache mime-types@https://registry.npmjs.org/mime-types/-/mime-types-2.1.35.tgz 0ms (cache hit)
npm http cache crc@https://registry.npmjs.org/crc/-/crc-3.8.0.tgz 0ms (cache hit)
npm http cache lodash.defaults@https://registry.npmjs.org/lodash.defaults/-/lodash.defaults-4.2.0.tgz 0ms (cache hit)
npm http cache @types/plist@https://registry.npmjs.org/@types/plist/-/plist-3.0.5.tgz 0ms (cache hit)
npm http cache iconv-lite@https://registry.npmjs.org/iconv-lite/-/iconv-lite-0.6.3.tgz 0ms (cache hit)
npm http cache iconv-corefoundation@https://registry.npmjs.org/iconv-corefoundation/-/iconv-corefoundation-1.1.7.tgz 0ms (cache hit)
npm http cache dmg-license@https://registry.npmjs.org/dmg-license/-/dmg-license-1.0.11.tgz 0ms (cache hit)
npm http cache @types/verror@https://registry.npmjs.org/@types/verror/-/verror-1.10.11.tgz 0ms (cache hit)
npm http cache which@https://registry.npmjs.org/which/-/which-2.0.2.tgz 0ms (cache hit)
npm http cache shebang-command@https://registry.npmjs.org/shebang-command/-/shebang-command-2.0.0.tgz 0ms (cache hit)
npm http cache path-key@https://registry.npmjs.org/path-key/-/path-key-3.1.1.tgz 0ms (cache hit)
npm http cache color-convert@https://registry.npmjs.org/color-convert/-/color-convert-2.0.1.tgz 0ms (cache hit)
npm http cache ansi-styles@https://registry.npmjs.org/ansi-styles/-/ansi-styles-4.3.0.tgz 0ms (cache hit)
npm http cache buffer-equal@https://registry.npmjs.org/buffer-equal/-/buffer-equal-1.0.1.tgz 0ms (cache hit)
npm http cache sax@https://registry.npmjs.org/sax/-/sax-1.6.1.tgz 0ms (cache hit)
npm http cache supports-color@https://registry.npmjs.org/supports-color/-/supports-color-7.2.0.tgz 0ms (cache hit)
npm http cache stat-mode@https://registry.npmjs.org/stat-mode/-/stat-mode-1.0.0.tgz 0ms (cache hit)
npm http cache @types/ms@https://registry.npmjs.org/@types/ms/-/ms-2.1.0.tgz 0ms (cache hit)
npm http cache http-proxy-agent@https://registry.npmjs.org/http-proxy-agent/-/http-proxy-agent-5.0.0.tgz 0ms (cache hit)
npm http cache color-name@https://registry.npmjs.org/color-name/-/color-name-1.1.4.tgz 0ms (cache hit)
npm http cache https-proxy-agent@https://registry.npmjs.org/https-proxy-agent/-/https-proxy-agent-5.0.1.tgz 0ms (cache hit)
npm http cache source-map-support@https://registry.npmjs.org/source-map-support/-/source-map-support-0.5.21.tgz 0ms (cache hit)
npm http cache 7zip-bin@https://registry.npmjs.org/7zip-bin/-/7zip-bin-5.2.0.tgz 0ms (cache hit)
npm http cache @types/debug@https://registry.npmjs.org/@types/debug/-/debug-4.1.13.tgz 0ms (cache hit)
npm http cache app-builder-bin@https://registry.npmjs.org/app-builder-bin/-/app-builder-bin-4.0.0.tgz 0ms (cache hit)
npm http cache uri-js@https://registry.npmjs.org/uri-js/-/uri-js-4.4.1.tgz 0ms (cache hit)
npm http cache bluebird@https://registry.npmjs.org/bluebird/-/bluebird-3.7.2.tgz 0ms (cache hit)
npm http cache tmp-promise@https://registry.npmjs.org/tmp-promise/-/tmp-promise-3.0.3.tgz 0ms (cache hit)
npm http cache json-schema-traverse@https://registry.npmjs.org/json-schema-traverse/-/json-schema-traverse-0.4.1.tgz 0ms (cache hit)
npm http cache lodash@https://registry.npmjs.org/lodash/-/lodash-4.18.1.tgz 0ms (cache hit)
npm http cache cross-spawn@https://registry.npmjs.org/cross-spawn/-/cross-spawn-7.0.6.tgz 0ms (cache hit)
npm http cache fast-json-stable-stringify@https://registry.npmjs.org/fast-json-stable-stringify/-/fast-json-stable-stringify-2.1.0.tgz 0ms (cache hit)
npm http cache dir-compare@https://registry.npmjs.org/dir-compare/-/dir-compare-3.3.0.tgz 0ms (cache hit)
npm http cache commander@https://registry.npmjs.org/commander/-/commander-5.1.0.tgz 0ms (cache hit)
npm http cache plist@https://registry.npmjs.org/plist/-/plist-3.1.1.tgz 0ms (cache hit)
npm http cache fast-deep-equal@https://registry.npmjs.org/fast-deep-equal/-/fast-deep-equal-3.1.3.tgz 0ms (cache hit)
npm http cache minimist@https://registry.npmjs.org/minimist/-/minimist-1.2.8.tgz 0ms (cache hit)
npm http cache @electron/asar@https://registry.npmjs.org/@electron/asar/-/asar-3.4.1.tgz 0ms (cache hit)
npm http cache glob@https://registry.npmjs.org/glob/-/glob-7.2.3.tgz 0ms (cache hit)
npm http cache compare-version@https://registry.npmjs.org/compare-version/-/compare-version-0.1.2.tgz 0ms (cache hit)
npm http cache @malept/cross-spawn-promise@https://registry.npmjs.org/@malept/cross-spawn-promise/-/cross-spawn-promise-1.1.1.tgz 0ms (cache hit)
npm http cache temp-file@https://registry.npmjs.org/temp-file/-/temp-file-3.4.0.tgz 0ms (cache hit)
npm http cache tar@https://registry.npmjs.org/tar/-/tar-6.2.1.tgz 0ms (cache hit)
npm http cache ajv@https://registry.npmjs.org/ajv/-/ajv-6.15.0.tgz 0ms (cache hit)
npm http cache isbinaryfile@https://registry.npmjs.org/isbinaryfile/-/isbinaryfile-5.0.7.tgz 0ms (cache hit)
npm http cache ajv-keywords@https://registry.npmjs.org/ajv-keywords/-/ajv-keywords-3.5.2.tgz 0ms (cache hit)
npm http cache minimatch@https://registry.npmjs.org/minimatch/-/minimatch-5.1.9.tgz 0ms (cache hit)
npm http cache js-yaml@https://registry.npmjs.org/js-yaml/-/js-yaml-4.3.2.tgz 0ms (cache hit)
npm http cache promise-retry@https://registry.npmjs.org/promise-retry/-/promise-retry-2.0.1.tgz 0ms (cache hit)
npm http cache form-data@https://registry.npmjs.org/form-data/-/form-data-4.0.6.tgz 0ms (cache hit)
npm http cache hosted-git-info@https://registry.npmjs.org/hosted-git-info/-/hosted-git-info-4.1.0.tgz 0ms (cache hit)
npm http cache sanitize-filename@https://registry.npmjs.org/sanitize-filename/-/sanitize-filename-1.6.4.tgz 0ms (cache hit)
npm http cache chromium-pickle-js@https://registry.npmjs.org/chromium-pickle-js/-/chromium-pickle-js-0.2.0.tgz 0ms (cache hit)
npm http cache bluebird-lst@https://registry.npmjs.org/bluebird-lst/-/bluebird-lst-1.0.9.tgz 0ms (cache hit)
npm http cache ejs@https://registry.npmjs.org/ejs/-/ejs-3.1.10.tgz 0ms (cache hit)
npm http cache electron-publish@https://registry.npmjs.org/electron-publish/-/electron-publish-24.13.1.tgz 0ms (cache hit)
npm http cache @malept/flatpak-bundler@https://registry.npmjs.org/@malept/flatpak-bundler/-/flatpak-bundler-0.4.0.tgz 0ms (cache hit)
npm http cache @electron/notarize@https://registry.npmjs.org/@electron/notarize/-/notarize-2.2.1.tgz 0ms (cache hit)
npm http cache @types/fs-extra@https://registry.npmjs.org/@types/fs-extra/-/fs-extra-9.0.13.tgz 0ms (cache hit)
npm http cache @electron/osx-sign@https://registry.npmjs.org/@electron/osx-sign/-/osx-sign-1.0.5.tgz 0ms (cache hit)
npm http cache async-exit-hook@https://registry.npmjs.org/async-exit-hook/-/async-exit-hook-2.0.1.tgz 0ms (cache hit)
npm http cache @electron/universal@https://registry.npmjs.org/@electron/universal/-/universal-1.5.1.tgz 0ms (cache hit)
npm http cache yargs@https://registry.npmjs.org/yargs/-/yargs-17.7.3.tgz 0ms (cache hit)
npm http cache read-config-file@https://registry.npmjs.org/read-config-file/-/read-config-file-6.3.2.tgz 0ms (cache hit)
npm http cache chalk@https://registry.npmjs.org/chalk/-/chalk-4.1.2.tgz 0ms (cache hit)
npm http cache simple-update-notifier@https://registry.npmjs.org/simple-update-notifier/-/simple-update-notifier-2.0.0.tgz 0ms (cache hit)
npm http cache is-ci@https://registry.npmjs.org/is-ci/-/is-ci-3.0.1.tgz 0ms (cache hit)
npm http cache lazy-val@https://registry.npmjs.org/lazy-val/-/lazy-val-1.0.5.tgz 0ms (cache hit)
npm http cache electron-builder-squirrel-windows@https://registry.npmjs.org/electron-builder-squirrel-windows/-/electron-builder-squirrel-windows-24.13.3.tgz 0ms (cache hit)
npm http cache @develar/schema-utils@https://registry.npmjs.org/@develar/schema-utils/-/schema-utils-2.6.5.tgz 0ms (cache hit)
npm http cache ms@https://registry.npmjs.org/ms/-/ms-2.1.3.tgz 0ms (cache hit)
npm http cache builder-util-runtime@https://registry.npmjs.org/builder-util-runtime/-/builder-util-runtime-9.2.4.tgz 0ms (cache hit)
npm http cache builder-util@https://registry.npmjs.org/builder-util/-/builder-util-24.13.1.tgz 0ms (cache hit)
npm http cache dmg-builder@https://registry.npmjs.org/dmg-builder/-/dmg-builder-24.13.3.tgz 0ms (cache hit)
npm http cache app-builder-lib@https://registry.npmjs.org/app-builder-lib/-/app-builder-lib-24.13.3.tgz 0ms (cache hit)
npm http cache undici-types@https://registry.npmjs.org/undici-types/-/undici-types-6.21.0.tgz 0ms (cache hit)
npm http cache got@https://registry.npmjs.org/got/-/got-11.8.6.tgz 0ms (cache hit)
npm http cache sumchecker@https://registry.npmjs.org/sumchecker/-/sumchecker-3.0.1.tgz 0ms (cache hit)
npm http cache global-agent@https://registry.npmjs.org/global-agent/-/global-agent-3.0.0.tgz 0ms (cache hit)
npm http cache semver@https://registry.npmjs.org/semver/-/semver-6.3.1.tgz 0ms (cache hit)
npm http cache progress@https://registry.npmjs.org/progress/-/progress-2.0.3.tgz 0ms (cache hit)
npm http cache env-paths@https://registry.npmjs.org/env-paths/-/env-paths-2.2.1.tgz 0ms (cache hit)
npm http cache fs-extra@https://registry.npmjs.org/fs-extra/-/fs-extra-8.1.0.tgz 0ms (cache hit)
npm http cache debug@https://registry.npmjs.org/debug/-/debug-4.4.3.tgz 0ms (cache hit)
npm http cache @types/node@https://registry.npmjs.org/@types/node/-/node-20.19.43.tgz 0ms (cache hit)
npm http cache extract-zip@https://registry.npmjs.org/extract-zip/-/extract-zip-2.0.1.tgz 0ms (cache hit)
npm http cache @electron/get@https://registry.npmjs.org/@electron/get/-/get-2.0.3.tgz 0ms (cache hit)
npm http cache xterm@https://registry.npmjs.org/xterm/-/xterm-5.3.0.tgz 0ms (cache hit)
npm http cache xterm-addon-fit@https://registry.npmjs.org/xterm-addon-fit/-/xterm-addon-fit-0.8.0.tgz 0ms (cache hit)
npm http cache node-pty@https://registry.npmjs.org/node-pty/-/node-pty-1.1.0.tgz 0ms (cache hit)
npm http cache ansi-styles@https://registry.npmjs.org/ansi-styles/-/ansi-styles-6.2.3.tgz 0ms (cache hit)
npm http cache electron-builder@https://registry.npmjs.org/electron-builder/-/electron-builder-24.13.3.tgz 0ms (cache hit)
npm http cache ansi-regex@https://registry.npmjs.org/ansi-regex/-/ansi-regex-6.3.0.tgz 0ms (cache hit)
npm http cache emoji-regex@https://registry.npmjs.org/emoji-regex/-/emoji-regex-9.2.2.tgz 0ms (cache hit)
npm http cache strip-ansi@https://registry.npmjs.org/strip-ansi/-/strip-ansi-7.2.0.tgz 0ms (cache hit)
npm http cache string-width@https://registry.npmjs.org/string-width/-/string-width-5.1.2.tgz 0ms (cache hit)
npm http cache electron@https://registry.npmjs.org/electron/-/electron-31.7.7.tgz 0ms (cache hit)
npm http cache minimatch@https://registry.npmjs.org/minimatch/-/minimatch-9.0.9.tgz 0ms (cache hit)
npm http cache lru-cache@https://registry.npmjs.org/lru-cache/-/lru-cache-10.4.3.tgz 0ms (cache hit)
npm http cache minipass@https://registry.npmjs.org/minipass/-/minipass-7.1.3.tgz 0ms (cache hit)
npm http cache minipass@https://registry.npmjs.org/minipass/-/minipass-3.3.6.tgz 0ms (cache hit)
npm http cache string_decoder@https://registry.npmjs.org/string_decoder/-/string_decoder-1.1.1.tgz 0ms (cache hit)
npm http cache wrap-ansi@https://registry.npmjs.org/wrap-ansi/-/wrap-ansi-8.1.0.tgz 0ms (cache hit)
npm http cache minipass@https://registry.npmjs.org/minipass/-/minipass-3.3.6.tgz 0ms (cache hit)
npm http cache safe-buffer@https://registry.npmjs.org/safe-buffer/-/safe-buffer-5.1.2.tgz 0ms (cache hit)
npm http cache mimic-response@https://registry.npmjs.org/mimic-response/-/mimic-response-3.1.0.tgz 0ms (cache hit)
npm http cache readable-stream@https://registry.npmjs.org/readable-stream/-/readable-stream-2.3.8.tgz 0ms (cache hit)
npm http cache archiver-utils@https://registry.npmjs.org/archiver-utils/-/archiver-utils-3.0.4.tgz 0ms (cache hit)
npm http cache string_decoder@https://registry.npmjs.org/string_decoder/-/string_decoder-1.1.1.tgz 0ms (cache hit)
npm http cache readable-stream@https://registry.npmjs.org/readable-stream/-/readable-stream-2.3.8.tgz 0ms (cache hit)
npm http cache safe-buffer@https://registry.npmjs.org/safe-buffer/-/safe-buffer-5.1.2.tgz 0ms (cache hit)
npm http cache brace-expansion@https://registry.npmjs.org/brace-expansion/-/brace-expansion-1.1.18.tgz 0ms (cache hit)
npm http cache minimatch@https://registry.npmjs.org/minimatch/-/minimatch-3.1.5.tgz 0ms (cache hit)
npm http cache brace-expansion@https://registry.npmjs.org/brace-expansion/-/brace-expansion-1.1.18.tgz 0ms (cache hit)
npm http cache glob@https://registry.npmjs.org/glob/-/glob-10.5.0.tgz 0ms (cache hit)
npm http cache minimatch@https://registry.npmjs.org/minimatch/-/minimatch-3.1.5.tgz 0ms (cache hit)
npm http cache brace-expansion@https://registry.npmjs.org/brace-expansion/-/brace-expansion-1.1.18.tgz 0ms (cache hit)
npm http cache minimatch@https://registry.npmjs.org/minimatch/-/minimatch-3.1.5.tgz 0ms (cache hit)
npm http cache universalify@https://registry.npmjs.org/universalify/-/universalify-2.0.1.tgz 0ms (cache hit)
npm http cache fs-extra@https://registry.npmjs.org/fs-extra/-/fs-extra-10.1.0.tgz 0ms (cache hit)
npm http cache jsonfile@https://registry.npmjs.org/jsonfile/-/jsonfile-6.2.1.tgz 0ms (cache hit)
npm http cache jsonfile@https://registry.npmjs.org/jsonfile/-/jsonfile-6.2.1.tgz 0ms (cache hit)
npm http cache fs-extra@https://registry.npmjs.org/fs-extra/-/fs-extra-10.1.0.tgz 0ms (cache hit)
npm http cache universalify@https://registry.npmjs.org/universalify/-/universalify-2.0.1.tgz 0ms (cache hit)
npm http cache universalify@https://registry.npmjs.org/universalify/-/universalify-2.0.1.tgz 0ms (cache hit)
npm http cache jsonfile@https://registry.npmjs.org/jsonfile/-/jsonfile-6.2.1.tgz 0ms (cache hit)
npm http cache brace-expansion@https://registry.npmjs.org/brace-expansion/-/brace-expansion-1.1.18.tgz 0ms (cache hit)
npm http cache universalify@https://registry.npmjs.org/universalify/-/universalify-2.0.1.tgz 0ms (cache hit)
npm http cache minimatch@https://registry.npmjs.org/minimatch/-/minimatch-3.1.5.tgz 0ms (cache hit)
npm http cache fs-extra@https://registry.npmjs.org/fs-extra/-/fs-extra-9.1.0.tgz 0ms (cache hit)
npm http cache jsonfile@https://registry.npmjs.org/jsonfile/-/jsonfile-6.2.1.tgz 0ms (cache hit)
npm http cache jsonfile@https://registry.npmjs.org/jsonfile/-/jsonfile-6.2.1.tgz 0ms (cache hit)
npm http cache fs-extra@https://registry.npmjs.org/fs-extra/-/fs-extra-9.1.0.tgz 0ms (cache hit)
npm http cache universalify@https://registry.npmjs.org/universalify/-/universalify-2.0.1.tgz 0ms (cache hit)
npm http cache universalify@https://registry.npmjs.org/universalify/-/universalify-2.0.1.tgz 0ms (cache hit)
npm http cache isbinaryfile@https://registry.npmjs.org/isbinaryfile/-/isbinaryfile-4.0.10.tgz 0ms (cache hit)
npm http cache universalify@https://registry.npmjs.org/universalify/-/universalify-2.0.1.tgz 0ms (cache hit)
npm http cache fs-extra@https://registry.npmjs.org/fs-extra/-/fs-extra-10.1.0.tgz 0ms (cache hit)
npm http cache fs-extra@https://registry.npmjs.org/fs-extra/-/fs-extra-9.1.0.tgz 0ms (cache hit)
npm http cache fs-extra@https://registry.npmjs.org/fs-extra/-/fs-extra-10.1.0.tgz 0ms (cache hit)
npm http cache semver@https://registry.npmjs.org/semver/-/semver-7.8.5.tgz 0ms (cache hit)
npm http cache fs-extra@https://registry.npmjs.org/fs-extra/-/fs-extra-10.1.0.tgz 0ms (cache hit)
npm http cache jsonfile@https://registry.npmjs.org/jsonfile/-/jsonfile-6.2.1.tgz 0ms (cache hit)
npm http cache jsonfile@https://registry.npmjs.org/jsonfile/-/jsonfile-6.2.1.tgz 0ms (cache hit)
npm http cache universalify@https://registry.npmjs.org/universalify/-/universalify-2.0.1.tgz 0ms (cache hit)
npm http cache jsonfile@https://registry.npmjs.org/jsonfile/-/jsonfile-6.2.1.tgz 0ms (cache hit)
npm http cache fs-extra@https://registry.npmjs.org/fs-extra/-/fs-extra-10.1.0.tgz 0ms (cache hit)
npm http cache universalify@https://registry.npmjs.org/universalify/-/universalify-2.0.1.tgz 0ms (cache hit)
npm http cache jsonfile@https://registry.npmjs.org/jsonfile/-/jsonfile-6.2.1.tgz 0ms (cache hit)
npm http cache jsonfile@https://registry.npmjs.org/jsonfile/-/jsonfile-6.2.1.tgz 0ms (cache hit)
npm http cache universalify@https://registry.npmjs.org/universalify/-/universalify-2.0.1.tgz 0ms (cache hit)
npm http cache fs-extra@https://registry.npmjs.org/fs-extra/-/fs-extra-10.1.0.tgz 0ms (cache hit)
npm http cache semver@https://registry.npmjs.org/semver/-/semver-7.8.5.tgz 0ms (cache hit)
npm http cache jsonfile@https://registry.npmjs.org/jsonfile/-/jsonfile-6.2.1.tgz 0ms (cache hit)
npm http cache semver@https://registry.npmjs.org/semver/-/semver-7.8.5.tgz 0ms (cache hit)
npm http cache node-addon-api@https://registry.npmjs.org/node-addon-api/-/node-addon-api-7.1.1.tgz 0ms (cache hit)
npm http cache fs-extra@https://registry.npmjs.org/fs-extra/-/fs-extra-10.1.0.tgz 0ms (cache hit)
npm http cache universalify@https://registry.npmjs.org/universalify/-/universalify-2.0.1.tgz 0ms (cache hit)
npm http fetch POST 200 https://registry.npmjs.org/-/npm/v1/security/advisories/bulk 206ms
npm http fetch GET 200 https://registry.npmjs.org/@isaacs/cliui/-/cliui-8.0.2.tgz 167ms (cache miss)
npm http fetch GET 200 https://registry.npmjs.org/eastasianwidth/-/eastasianwidth-0.2.0.tgz 171ms (cache miss)
npm http fetch GET 200 https://registry.npmjs.org/wrap-ansi/-/wrap-ansi-7.0.0.tgz 171ms (cache miss)
npm http fetch GET 200 https://registry.npmjs.org/strip-ansi/-/strip-ansi-6.0.1.tgz 171ms (cache miss)
npm http fetch GET 200 https://registry.npmjs.org/string-width/-/string-width-4.2.3.tgz 171ms (cache miss)
npm http fetch GET 200 https://registry.npmjs.org/fd-slicer/-/fd-slicer-1.1.0.tgz 174ms (cache miss)
npm http fetch GET 200 https://registry.npmjs.org/wrap-ansi/-/wrap-ansi-7.0.0.tgz 176ms (cache miss)
npm http fetch GET 200 https://registry.npmjs.org/crc32-stream/-/crc32-stream-4.0.3.tgz 178ms (cache miss)
npm http fetch GET 200 https://registry.npmjs.org/crc-32/-/crc-32-1.2.2.tgz 179ms (cache miss)
npm http fetch GET 200 https://registry.npmjs.org/escalade/-/escalade-3.2.0.tgz 178ms (cache miss)
npm http fetch GET 200 https://registry.npmjs.org/y18n/-/y18n-5.0.8.tgz 179ms (cache miss)
npm http fetch GET 200 https://registry.npmjs.org/require-directory/-/require-directory-2.1.1.tgz 194ms (cache miss)
npm http fetch GET 200 https://registry.npmjs.org/pend/-/pend-1.2.0.tgz 199ms (cache miss)
npm http fetch GET 200 https://registry.npmjs.org/extsprintf/-/extsprintf-1.4.1.tgz 201ms (cache miss)
npm http fetch GET 200 https://registry.npmjs.org/isexe/-/isexe-2.0.0.tgz 202ms (cache miss)
npm http fetch GET 200 https://registry.npmjs.org/punycode/-/punycode-2.3.1.tgz 202ms (cache miss)
npm http fetch GET 200 https://registry.npmjs.org/tmp/-/tmp-0.2.7.tgz 205ms (cache miss)
npm http fetch GET 200 https://registry.npmjs.org/utf8-byte-length/-/utf8-byte-length-1.0.5.tgz 217ms (cache miss)
npm http fetch GET 200 https://registry.npmjs.org/at-least-node/-/at-least-node-1.0.0.tgz 222ms (cache miss)
npm http fetch GET 200 https://registry.npmjs.org/core-util-is/-/core-util-is-1.0.2.tgz 220ms (cache miss)
npm http fetch GET 200 https://registry.npmjs.org/get-caller-file/-/get-caller-file-2.0.5.tgz 220ms (cache miss)
npm http fetch GET 200 https://registry.npmjs.org/cliui/-/cliui-8.0.1.tgz 222ms (cache miss)
npm http fetch GET 200 https://registry.npmjs.org/assert-plus/-/assert-plus-1.0.0.tgz 221ms (cache miss)
npm http fetch GET 200 https://registry.npmjs.org/concat-map/-/concat-map-0.0.1.tgz 224ms (cache miss)
npm http fetch GET 200 https://registry.npmjs.org/process-nextick-args/-/process-nextick-args-2.0.1.tgz 225ms (cache miss)
npm http fetch GET 200 https://registry.npmjs.org/fs-constants/-/fs-constants-1.0.0.tgz 223ms (cache miss)
npm http fetch GET 200 https://registry.npmjs.org/@pkgjs/parseargs/-/parseargs-0.11.0.tgz 230ms (cache miss)
npm http fetch GET 200 https://registry.npmjs.org/bl/-/bl-4.1.0.tgz 232ms (cache miss)
npm http fetch GET 200 https://registry.npmjs.org/isarray/-/isarray-1.0.0.tgz 237ms (cache miss)
npm http fetch GET 200 https://registry.npmjs.org/mkdirp/-/mkdirp-1.0.4.tgz 240ms (cache miss)
npm http fetch GET 200 https://registry.npmjs.org/yargs-parser/-/yargs-parser-21.1.1.tgz 243ms (cache miss)
npm http fetch GET 200 https://registry.npmjs.org/minizlib/-/minizlib-2.1.2.tgz 241ms (cache miss)
npm http fetch GET 200 https://registry.npmjs.org/chownr/-/chownr-2.0.0.tgz 246ms (cache miss)
npm http fetch GET 200 https://registry.npmjs.org/has-flag/-/has-flag-4.0.0.tgz 251ms (cache miss)
npm http fetch GET 200 https://registry.npmjs.org/ansi-regex/-/ansi-regex-5.0.1.tgz 254ms (cache miss)
npm http fetch GET 200 https://registry.npmjs.org/buffer-from/-/buffer-from-1.1.2.tgz 253ms (cache miss)
npm http fetch GET 200 https://registry.npmjs.org/minipass/-/minipass-5.0.0.tgz 256ms (cache miss)
npm http fetch GET 200 https://registry.npmjs.org/astral-regex/-/astral-regex-2.0.0.tgz 257ms (cache miss)
npm http fetch GET 200 https://registry.npmjs.org/fs-minipass/-/fs-minipass-2.1.0.tgz 258ms (cache miss)
npm http fetch GET 200 https://registry.npmjs.org/strip-ansi/-/strip-ansi-6.0.1.tgz 260ms (cache miss)
npm http fetch GET 200 https://registry.npmjs.org/emoji-regex/-/emoji-regex-8.0.0.tgz 264ms (cache miss)
npm http fetch GET 200 https://registry.npmjs.org/truncate-utf8-bytes/-/truncate-utf8-bytes-1.0.2.tgz 268ms (cache miss)
npm http fetch GET 200 https://registry.npmjs.org/safe-buffer/-/safe-buffer-5.2.1.tgz 270ms (cache miss)
npm http fetch GET 200 https://registry.npmjs.org/is-fullwidth-code-point/-/is-fullwidth-code-point-3.0.0.tgz 269ms (cache miss)
npm http fetch GET 200 https://registry.npmjs.org/shebang-regex/-/shebang-regex-3.0.0.tgz 273ms (cache miss)
npm http fetch GET 200 https://registry.npmjs.org/util-deprecate/-/util-deprecate-1.0.2.tgz 272ms (cache miss)
npm http fetch GET 200 https://registry.npmjs.org/sprintf-js/-/sprintf-js-1.1.3.tgz 277ms (cache miss)
npm http fetch GET 200 https://registry.npmjs.org/define-properties/-/define-properties-1.2.1.tgz 313ms (cache miss)
npm http fetch GET 200 https://registry.npmjs.org/semver-compare/-/semver-compare-1.0.0.tgz 315ms (cache miss)
npm http fetch GET 200 https://registry.npmjs.org/json-stringify-safe/-/json-stringify-safe-5.0.1.tgz 316ms (cache miss)
npm http fetch GET 200 https://registry.npmjs.org/has-property-descriptors/-/has-property-descriptors-1.0.2.tgz 318ms (cache miss)
npm http fetch GET 200 https://registry.npmjs.org/string_decoder/-/string_decoder-1.3.0.tgz 323ms (cache miss)
npm http fetch GET 200 https://registry.npmjs.org/compress-commons/-/compress-commons-4.1.2.tgz 331ms (cache miss)
npm http fetch GET 200 https://registry.npmjs.org/end-of-stream/-/end-of-stream-1.4.5.tgz 327ms (cache miss)
npm http fetch GET 200 https://registry.npmjs.org/dotenv-expand/-/dotenv-expand-5.1.0.tgz 329ms (cache miss)
npm http fetch GET 200 https://registry.npmjs.org/config-file-ts/-/config-file-ts-0.2.6.tgz 329ms (cache miss)
npm http fetch GET 200 https://registry.npmjs.org/object-keys/-/object-keys-1.1.1.tgz 333ms (cache miss)
npm http fetch GET 200 https://registry.npmjs.org/define-data-property/-/define-data-property-1.1.4.tgz 339ms (cache miss)
npm http fetch GET 200 https://registry.npmjs.org/detect-node/-/detect-node-2.1.0.tgz 336ms (cache miss)
npm http fetch GET 200 https://registry.npmjs.org/escape-string-regexp/-/escape-string-regexp-4.0.0.tgz 337ms (cache miss)
npm http fetch GET 200 https://registry.npmjs.org/package-json-from-dist/-/package-json-from-dist-1.0.1.tgz 349ms (cache miss)
npm http fetch GET 200 https://registry.npmjs.org/brace-expansion/-/brace-expansion-2.1.4.tgz 341ms (cache miss)
npm http fetch GET 200 https://registry.npmjs.org/err-code/-/err-code-2.0.3.tgz 345ms (cache miss)
npm http fetch GET 200 https://registry.npmjs.org/ci-info/-/ci-info-3.9.0.tgz 347ms (cache miss)
npm http fetch GET 200 https://registry.npmjs.org/json-buffer/-/json-buffer-3.0.1.tgz 348ms (cache miss)
npm http fetch GET 200 https://registry.npmjs.org/yallist/-/yallist-4.0.0.tgz 348ms (cache miss)
npm http fetch GET 200 https://registry.npmjs.org/balanced-match/-/balanced-match-1.0.2.tgz 348ms (cache miss)
npm http fetch GET 200 https://registry.npmjs.org/slice-ansi/-/slice-ansi-3.0.0.tgz 348ms (cache miss)
npm http fetch GET 200 https://registry.npmjs.org/globalthis/-/globalthis-1.0.4.tgz 354ms (cache miss)
npm http fetch GET 200 https://registry.npmjs.org/filelist/-/filelist-1.0.6.tgz 350ms (cache miss)
npm http fetch GET 200 https://registry.npmjs.org/picocolors/-/picocolors-1.1.1.tgz 350ms (cache miss)
npm http fetch GET 200 https://registry.npmjs.org/string-width/-/string-width-4.2.3.tgz 350ms (cache miss)
npm http fetch GET 200 https://registry.npmjs.org/agent-base/-/agent-base-6.0.2.tgz 351ms (cache miss)
npm http fetch GET 200 https://registry.npmjs.org/wrappy/-/wrappy-1.0.2.tgz 352ms (cache miss)
npm http fetch GET 200 https://registry.npmjs.org/dotenv/-/dotenv-9.0.2.tgz 359ms (cache miss)
npm http fetch GET 200 https://registry.npmjs.org/quick-lru/-/quick-lru-5.1.1.tgz 357ms (cache miss)
npm http fetch GET 200 https://registry.npmjs.org/resolve-alpn/-/resolve-alpn-1.2.1.tgz 358ms (cache miss)
npm http fetch GET 200 https://registry.npmjs.org/argparse/-/argparse-2.0.1.tgz 361ms (cache miss)
npm http fetch GET 200 https://registry.npmjs.org/cli-truncate/-/cli-truncate-2.1.0.tgz 362ms (cache miss)
npm http fetch GET 200 https://registry.npmjs.org/safer-buffer/-/safer-buffer-2.1.2.tgz 364ms (cache miss)
npm http fetch GET 200 https://registry.npmjs.org/normalize-url/-/normalize-url-6.1.0.tgz 363ms (cache miss)
npm http fetch GET 200 https://registry.npmjs.org/@types/keyv/-/keyv-3.1.4.tgz 366ms (cache miss)
npm http fetch GET 200 https://registry.npmjs.org/keyv/-/keyv-4.5.4.tgz 368ms (cache miss)
npm http fetch GET 200 https://registry.npmjs.org/path-scurry/-/path-scurry-1.11.1.tgz 383ms (cache miss)
npm http fetch GET 200 https://registry.npmjs.org/mime-db/-/mime-db-1.52.0.tgz 371ms (cache miss)
npm http fetch GET 200 https://registry.npmjs.org/mimic-response/-/mimic-response-1.0.1.tgz 370ms (cache miss)
npm http fetch GET 200 https://registry.npmjs.org/lru-cache/-/lru-cache-6.0.0.tgz 371ms (cache miss)
npm http fetch GET 200 https://registry.npmjs.org/responselike/-/responselike-2.0.1.tgz 372ms (cache miss)
npm http fetch GET 200 https://registry.npmjs.org/defer-to-connect/-/defer-to-connect-2.0.1.tgz 373ms (cache miss)
npm http fetch GET 200 https://registry.npmjs.org/@types/http-cache-semantics/-/http-cache-semantics-4.2.0.tgz 374ms (cache miss)
npm http fetch GET 200 https://registry.npmjs.org/retry/-/retry-0.12.0.tgz 383ms (cache miss)
npm http fetch GET 200 https://registry.npmjs.org/cacheable-request/-/cacheable-request-7.0.4.tgz 379ms (cache miss)
npm http fetch GET 200 https://registry.npmjs.org/p-cancelable/-/p-cancelable-2.1.1.tgz 379ms (cache miss)
npm http fetch GET 200 https://registry.npmjs.org/jackspeak/-/jackspeak-3.4.3.tgz 405ms (cache miss)
npm http fetch GET 200 https://registry.npmjs.org/lowercase-keys/-/lowercase-keys-2.0.0.tgz 395ms (cache miss)
npm http fetch GET 200 https://registry.npmjs.org/http-cache-semantics/-/http-cache-semantics-4.2.0.tgz 397ms (cache miss)
npm http fetch GET 200 https://registry.npmjs.org/decompress-response/-/decompress-response-6.0.0.tgz 396ms (cache miss)
npm http fetch GET 200 https://registry.npmjs.org/json5/-/json5-2.2.3.tgz 405ms (cache miss)
npm http fetch GET 200 https://registry.npmjs.org/@xmldom/xmldom/-/xmldom-0.9.12.tgz 404ms (cache miss)
npm http fetch GET 200 https://registry.npmjs.org/@types/cacheable-request/-/cacheable-request-6.0.3.tgz 402ms (cache miss)
npm http fetch GET 200 https://registry.npmjs.org/serialize-error/-/serialize-error-7.0.1.tgz 402ms (cache miss)
npm http fetch GET 200 https://registry.npmjs.org/cacheable-lookup/-/cacheable-lookup-5.0.4.tgz 404ms (cache miss)
npm http fetch GET 200 https://registry.npmjs.org/http2-wrapper/-/http2-wrapper-1.0.3.tgz 405ms (cache miss)
npm http fetch GET 200 https://registry.npmjs.org/signal-exit/-/signal-exit-4.1.0.tgz 422ms (cache miss)
npm http fetch GET 200 https://registry.npmjs.org/type-fest/-/type-fest-0.13.1.tgz 420ms (cache miss)
npm http fetch GET 200 https://registry.npmjs.org/@sindresorhus/is/-/is-4.6.0.tgz 410ms (cache miss)
npm http fetch GET 200 https://registry.npmjs.org/source-map/-/source-map-0.6.1.tgz 421ms (cache miss)
npm http fetch GET 200 https://registry.npmjs.org/foreground-child/-/foreground-child-3.3.1.tgz 437ms (cache miss)
npm http fetch GET 200 https://registry.npmjs.org/roarr/-/roarr-2.15.4.tgz 425ms (cache miss)
npm http fetch GET 200 https://registry.npmjs.org/path-is-absolute/-/path-is-absolute-1.0.1.tgz 448ms (cache miss)
npm http fetch GET 200 https://registry.npmjs.org/pump/-/pump-3.0.4.tgz 448ms (cache miss)
npm http fetch GET 200 https://registry.npmjs.org/once/-/once-1.4.0.tgz 449ms (cache miss)
npm http fetch GET 200 https://registry.npmjs.org/boolean/-/boolean-3.2.0.tgz 453ms (cache miss)
npm http fetch GET 200 https://registry.npmjs.org/inherits/-/inherits-2.0.4.tgz 457ms (cache miss)
npm http fetch GET 200 https://registry.npmjs.org/es6-error/-/es6-error-4.1.1.tgz 457ms (cache miss)
npm http fetch GET 200 https://registry.npmjs.org/@types/responselike/-/responselike-1.0.3.tgz 458ms (cache miss)
npm http fetch GET 200 https://registry.npmjs.org/matcher/-/matcher-3.0.0.tgz 458ms (cache miss)
npm http fetch GET 200 https://registry.npmjs.org/inflight/-/inflight-1.0.6.tgz 464ms (cache miss)
npm warn deprecated inflight@1.0.6: This module is not supported, and leaks memory. Do not use it. Check out lru-cache if you want a good and tested way to coalesce async requests by a key value, which is much more comprehensive and powerful.
npm http fetch GET 200 https://registry.npmjs.org/fs.realpath/-/fs.realpath-1.0.0.tgz 467ms (cache miss)
npm http fetch GET 200 https://registry.npmjs.org/clone-response/-/clone-response-1.0.3.tgz 474ms (cache miss)
npm http fetch GET 200 https://registry.npmjs.org/math-intrinsics/-/math-intrinsics-1.1.0.tgz 473ms (cache miss)
npm http fetch GET 200 https://registry.npmjs.org/gopd/-/gopd-1.2.0.tgz 478ms (cache miss)
npm http fetch GET 200 https://registry.npmjs.org/es-object-atoms/-/es-object-atoms-1.1.2.tgz 478ms (cache miss)
npm http fetch GET 200 https://registry.npmjs.org/dunder-proto/-/dunder-proto-1.0.1.tgz 482ms (cache miss)
npm http fetch GET 200 https://registry.npmjs.org/get-proto/-/get-proto-1.0.1.tgz 482ms (cache miss)
npm http fetch GET 200 https://registry.npmjs.org/has-symbols/-/has-symbols-1.1.0.tgz 483ms (cache miss)
npm warn deprecated boolean@3.2.0: Package no longer supported. Contact Support at https://www.npmjs.com/support for more info.
npm http fetch GET 200 https://registry.npmjs.org/es-define-property/-/es-define-property-1.0.1.tgz 487ms (cache miss)
npm http fetch GET 200 https://registry.npmjs.org/call-bind-apply-helpers/-/call-bind-apply-helpers-1.0.2.tgz 490ms (cache miss)
npm http fetch GET 200 https://registry.npmjs.org/function-bind/-/function-bind-1.1.2.tgz 491ms (cache miss)
npm http fetch GET 200 https://registry.npmjs.org/has-tostringtag/-/has-tostringtag-1.0.2.tgz 493ms (cache miss)
npm http fetch GET 200 https://registry.npmjs.org/node-addon-api/-/node-addon-api-1.7.2.tgz 510ms (cache miss)
npm http fetch GET 200 https://registry.npmjs.org/get-stream/-/get-stream-5.2.0.tgz 517ms (cache miss)
npm http fetch GET 200 https://registry.npmjs.org/get-intrinsic/-/get-intrinsic-1.3.0.tgz 518ms (cache miss)
npm http fetch GET 200 https://registry.npmjs.org/universalify/-/universalify-0.1.2.tgz 518ms (cache miss)
npm http fetch GET 200 https://registry.npmjs.org/jsonfile/-/jsonfile-4.0.0.tgz 521ms (cache miss)
npm http fetch GET 200 https://registry.npmjs.org/@tootallnate/once/-/once-2.0.1.tgz 528ms (cache miss)
npm http fetch GET 200 https://registry.npmjs.org/hasown/-/hasown-2.0.4.tgz 577ms (cache miss)
npm http fetch GET 200 https://registry.npmjs.org/normalize-path/-/normalize-path-3.0.0.tgz 576ms (cache miss)
npm http fetch GET 200 https://registry.npmjs.org/es-errors/-/es-errors-1.3.0.tgz 580ms (cache miss)
npm http fetch GET 200 https://registry.npmjs.org/delayed-stream/-/delayed-stream-1.0.0.tgz 581ms (cache miss)
npm http fetch GET 200 https://registry.npmjs.org/combined-stream/-/combined-stream-1.0.8.tgz 580ms (cache miss)
npm http fetch GET 200 https://registry.npmjs.org/@szmarczak/http-timer/-/http-timer-4.0.6.tgz 590ms (cache miss)
npm http fetch GET 200 https://registry.npmjs.org/es-set-tostringtag/-/es-set-tostringtag-2.1.0.tgz 590ms (cache miss)
npm http fetch GET 200 https://registry.npmjs.org/lodash.isplainobject/-/lodash.isplainobject-4.0.6.tgz 601ms (cache miss)
npm http fetch GET 200 https://registry.npmjs.org/lodash.union/-/lodash.union-4.6.0.tgz 623ms (cache miss)
npm http fetch GET 200 https://registry.npmjs.org/lodash.flatten/-/lodash.flatten-4.4.0.tgz 623ms (cache miss)
npm http fetch GET 200 https://registry.npmjs.org/tar-stream/-/tar-stream-2.2.0.tgz 623ms (cache miss)
npm http fetch GET 200 https://registry.npmjs.org/yauzl/-/yauzl-2.10.0.tgz 624ms (cache miss)
npm http fetch GET 200 https://registry.npmjs.org/archiver/-/archiver-5.3.2.tgz 623ms (cache miss)
npm http fetch GET 200 https://registry.npmjs.org/buffer-crc32/-/buffer-crc32-0.2.13.tgz 623ms (cache miss)
npm http fetch GET 200 https://registry.npmjs.org/graceful-fs/-/graceful-fs-4.2.11.tgz 625ms (cache miss)
npm http fetch GET 200 https://registry.npmjs.org/lodash.difference/-/lodash.difference-4.5.0.tgz 625ms (cache miss)
npm http fetch GET 200 https://registry.npmjs.org/zip-stream/-/zip-stream-4.1.1.tgz 624ms (cache miss)
npm http fetch GET 200 https://registry.npmjs.org/archiver-utils/-/archiver-utils-2.1.0.tgz 623ms (cache miss)
npm http fetch GET 200 https://registry.npmjs.org/readdir-glob/-/readdir-glob-1.1.3.tgz 624ms (cache miss)
npm http fetch GET 200 https://registry.npmjs.org/lazystream/-/lazystream-1.0.1.tgz 628ms (cache miss)
npm http fetch GET 200 https://registry.npmjs.org/ieee754/-/ieee754-1.2.1.tgz 629ms (cache miss)
npm http fetch GET 200 https://registry.npmjs.org/asynckit/-/asynckit-0.4.0.tgz 634ms (cache miss)
npm http fetch GET 200 https://registry.npmjs.org/verror/-/verror-1.10.1.tgz 634ms (cache miss)
npm http fetch GET 200 https://registry.npmjs.org/@types/yauzl/-/yauzl-2.10.3.tgz 649ms (cache miss)
npm http fetch GET 200 https://registry.npmjs.org/smart-buffer/-/smart-buffer-4.2.0.tgz 656ms (cache miss)
npm http fetch GET 200 https://registry.npmjs.org/readable-stream/-/readable-stream-3.6.2.tgz 660ms (cache miss)
npm http fetch GET 200 https://registry.npmjs.org/lodash.defaults/-/lodash.defaults-4.2.0.tgz 667ms (cache miss)
npm http fetch GET 200 https://registry.npmjs.org/mime-types/-/mime-types-2.1.35.tgz 671ms (cache miss)
npm http fetch GET 200 https://registry.npmjs.org/@types/plist/-/plist-3.0.5.tgz 672ms (cache miss)
npm http fetch GET 200 https://registry.npmjs.org/which/-/which-2.0.2.tgz 683ms (cache miss)
npm http fetch GET 200 https://registry.npmjs.org/crc/-/crc-3.8.0.tgz 689ms (cache miss)
npm http fetch GET 200 https://registry.npmjs.org/mime/-/mime-2.6.0.tgz 707ms (cache miss)
npm http fetch GET 200 https://registry.npmjs.org/async/-/async-3.2.6.tgz 712ms (cache miss)
npm http fetch GET 200 https://registry.npmjs.org/path-key/-/path-key-3.1.1.tgz 713ms (cache miss)
npm http fetch GET 200 https://registry.npmjs.org/shebang-command/-/shebang-command-2.0.0.tgz 716ms (cache miss)
npm http fetch GET 200 https://registry.npmjs.org/ansi-styles/-/ansi-styles-4.3.0.tgz 717ms (cache miss)
npm http fetch GET 200 https://registry.npmjs.org/buffer/-/buffer-5.7.1.tgz 724ms (cache miss)
npm http fetch GET 200 https://registry.npmjs.org/color-convert/-/color-convert-2.0.1.tgz 726ms (cache miss)
npm http fetch GET 200 https://registry.npmjs.org/base64-js/-/base64-js-1.5.1.tgz 730ms (cache miss)
npm http fetch GET 200 https://registry.npmjs.org/buffer-equal/-/buffer-equal-1.0.1.tgz 726ms (cache miss)
npm http fetch GET 200 https://registry.npmjs.org/iconv-lite/-/iconv-lite-0.6.3.tgz 730ms (cache miss)
npm http fetch GET 200 https://registry.npmjs.org/supports-color/-/supports-color-7.2.0.tgz 732ms (cache miss)
npm http fetch GET 200 https://registry.npmjs.org/jake/-/jake-10.9.4.tgz 740ms (cache miss)
npm http fetch GET 200 https://registry.npmjs.org/xmlbuilder/-/xmlbuilder-15.1.1.tgz 740ms (cache miss)
npm http fetch GET 200 https://registry.npmjs.org/stat-mode/-/stat-mode-1.0.0.tgz 739ms (cache miss)
npm http fetch GET 200 https://registry.npmjs.org/color-name/-/color-name-1.1.4.tgz 742ms (cache miss)
npm http fetch GET 200 https://registry.npmjs.org/http-proxy-agent/-/http-proxy-agent-5.0.0.tgz 751ms (cache miss)
npm http fetch GET 200 https://registry.npmjs.org/https-proxy-agent/-/https-proxy-agent-5.0.1.tgz 751ms (cache miss)
npm http fetch GET 200 https://registry.npmjs.org/iconv-corefoundation/-/iconv-corefoundation-1.1.7.tgz 759ms (cache miss)
npm http fetch GET 200 https://registry.npmjs.org/@types/ms/-/ms-2.1.0.tgz 765ms (cache miss)
npm http fetch GET 200 https://registry.npmjs.org/dmg-license/-/dmg-license-1.0.11.tgz 769ms (cache miss)
npm http fetch GET 200 https://registry.npmjs.org/@types/debug/-/debug-4.1.13.tgz 793ms (cache miss)
npm http fetch GET 200 https://registry.npmjs.org/sax/-/sax-1.6.1.tgz 795ms (cache miss)
npm http fetch GET 200 https://registry.npmjs.org/tmp-promise/-/tmp-promise-3.0.3.tgz 848ms (cache miss)
npm http fetch GET 200 https://registry.npmjs.org/@types/verror/-/verror-1.10.11.tgz 858ms (cache miss)
npm http fetch GET 200 https://registry.npmjs.org/bluebird/-/bluebird-3.7.2.tgz 863ms (cache miss)
npm http fetch GET 200 https://registry.npmjs.org/fast-json-stable-stringify/-/fast-json-stable-stringify-2.1.0.tgz 866ms (cache miss)
npm http fetch GET 200 https://registry.npmjs.org/fast-deep-equal/-/fast-deep-equal-3.1.3.tgz 888ms (cache miss)
npm http fetch GET 200 https://registry.npmjs.org/minimist/-/minimist-1.2.8.tgz 896ms (cache miss)
npm http fetch GET 200 https://registry.npmjs.org/json-schema-traverse/-/json-schema-traverse-0.4.1.tgz 910ms (cache miss)
npm http fetch GET 200 https://registry.npmjs.org/glob/-/glob-7.2.3.tgz 919ms (cache miss)
npm warn deprecated glob@7.2.3: Old versions of glob are not supported, and contain widely publicized security vulnerabilities, which have been fixed in the current version. Please update. Support for old versions may be purchased (at exorbitant rates) by contacting i@izs.me
npm http fetch GET 200 https://registry.npmjs.org/compare-version/-/compare-version-0.1.2.tgz 926ms (cache miss)
npm http fetch GET 200 https://registry.npmjs.org/temp-file/-/temp-file-3.4.0.tgz 931ms (cache miss)
npm http fetch GET 200 https://registry.npmjs.org/commander/-/commander-5.1.0.tgz 939ms (cache miss)
npm http fetch GET 200 https://registry.npmjs.org/@malept/cross-spawn-promise/-/cross-spawn-promise-1.1.1.tgz 944ms (cache miss)
npm http fetch GET 200 https://registry.npmjs.org/isbinaryfile/-/isbinaryfile-5.0.7.tgz 956ms (cache miss)
npm http fetch GET 200 https://registry.npmjs.org/uri-js/-/uri-js-4.4.1.tgz 967ms (cache miss)
npm http fetch GET 200 https://registry.npmjs.org/sanitize-filename/-/sanitize-filename-1.6.4.tgz 967ms (cache miss)
npm http fetch GET 200 https://registry.npmjs.org/hosted-git-info/-/hosted-git-info-4.1.0.tgz 970ms (cache miss)
npm http fetch GET 200 https://registry.npmjs.org/minimatch/-/minimatch-5.1.9.tgz 983ms (cache miss)
npm http fetch GET 200 https://registry.npmjs.org/chromium-pickle-js/-/chromium-pickle-js-0.2.0.tgz 983ms (cache miss)
npm http fetch GET 200 https://registry.npmjs.org/promise-retry/-/promise-retry-2.0.1.tgz 991ms (cache miss)
npm http fetch GET 200 https://registry.npmjs.org/bluebird-lst/-/bluebird-lst-1.0.9.tgz 992ms (cache miss)
npm http fetch GET 200 https://registry.npmjs.org/@malept/flatpak-bundler/-/flatpak-bundler-0.4.0.tgz 1006ms (cache miss)
npm http fetch GET 200 https://registry.npmjs.org/plist/-/plist-3.1.1.tgz 1011ms (cache miss)
npm http fetch GET 200 https://registry.npmjs.org/@types/fs-extra/-/fs-extra-9.0.13.tgz 1009ms (cache miss)
npm http fetch GET 200 https://registry.npmjs.org/async-exit-hook/-/async-exit-hook-2.0.1.tgz 1012ms (cache miss)
npm http fetch GET 200 https://registry.npmjs.org/form-data/-/form-data-4.0.6.tgz 1019ms (cache miss)
npm http fetch GET 200 https://registry.npmjs.org/ejs/-/ejs-3.1.10.tgz 1022ms (cache miss)
npm http fetch GET 200 https://registry.npmjs.org/@electron/asar/-/asar-3.4.1.tgz 1028ms (cache miss)
npm http fetch GET 200 https://registry.npmjs.org/chalk/-/chalk-4.1.2.tgz 1028ms (cache miss)
npm http fetch GET 200 https://registry.npmjs.org/read-config-file/-/read-config-file-6.3.2.tgz 1042ms (cache miss)
npm http fetch GET 200 https://registry.npmjs.org/is-ci/-/is-ci-3.0.1.tgz 1050ms (cache miss)
npm http fetch GET 200 https://registry.npmjs.org/electron-publish/-/electron-publish-24.13.1.tgz 1052ms (cache miss)
npm http fetch GET 200 https://registry.npmjs.org/lazy-val/-/lazy-val-1.0.5.tgz 1087ms (cache miss)
npm http fetch GET 200 https://registry.npmjs.org/cross-spawn/-/cross-spawn-7.0.6.tgz 1151ms (cache miss)
npm http fetch GET 200 https://registry.npmjs.org/electron-builder-squirrel-windows/-/electron-builder-squirrel-windows-24.13.3.tgz 1157ms (cache miss)
npm http fetch GET 200 https://registry.npmjs.org/ms/-/ms-2.1.3.tgz 1156ms (cache miss)
npm http fetch GET 200 https://registry.npmjs.org/simple-update-notifier/-/simple-update-notifier-2.0.0.tgz 1183ms (cache miss)
npm http fetch GET 200 https://registry.npmjs.org/source-map-support/-/source-map-support-0.5.21.tgz 1202ms (cache miss)
npm http fetch GET 200 https://registry.npmjs.org/tar/-/tar-6.2.1.tgz 1200ms (cache miss)
npm http fetch GET 200 https://registry.npmjs.org/env-paths/-/env-paths-2.2.1.tgz 1196ms (cache miss)
npm warn deprecated tar@6.2.1: Old versions of tar are not supported, and contain widely publicized security vulnerabilities, which have been fixed in the current version. Please update. Support for old versions may be purchased (at exorbitant rates) by contacting i@izs.me
npm http fetch GET 200 https://registry.npmjs.org/debug/-/debug-4.4.3.tgz 1204ms (cache miss)
npm http fetch GET 200 https://registry.npmjs.org/sumchecker/-/sumchecker-3.0.1.tgz 1221ms (cache miss)
npm http fetch GET 200 https://registry.npmjs.org/semver/-/semver-6.3.1.tgz 1222ms (cache miss)
npm http fetch GET 200 https://registry.npmjs.org/progress/-/progress-2.0.3.tgz 1226ms (cache miss)
npm http fetch GET 200 https://registry.npmjs.org/ajv-keywords/-/ajv-keywords-3.5.2.tgz 1237ms (cache miss)
npm http fetch GET 200 https://registry.npmjs.org/extract-zip/-/extract-zip-2.0.1.tgz 1234ms (cache miss)
npm http fetch GET 200 https://registry.npmjs.org/undici-types/-/undici-types-6.21.0.tgz 1239ms (cache miss)
npm http fetch GET 200 https://registry.npmjs.org/ansi-regex/-/ansi-regex-6.3.0.tgz 1271ms (cache miss)
npm http fetch GET 200 https://registry.npmjs.org/@electron/notarize/-/notarize-2.2.1.tgz 1280ms (cache miss)
npm http fetch GET 200 https://registry.npmjs.org/builder-util-runtime/-/builder-util-runtime-9.2.4.tgz 1286ms (cache miss)
npm http fetch GET 200 https://registry.npmjs.org/builder-util/-/builder-util-24.13.1.tgz 1288ms (cache miss)
npm http fetch GET 200 https://registry.npmjs.org/ansi-styles/-/ansi-styles-6.2.3.tgz 1300ms (cache miss)
npm http fetch GET 200 https://registry.npmjs.org/@electron/universal/-/universal-1.5.1.tgz 1324ms (cache miss)
npm http fetch GET 200 https://registry.npmjs.org/js-yaml/-/js-yaml-4.3.2.tgz 1330ms (cache miss)
npm http fetch GET 200 https://registry.npmjs.org/@develar/schema-utils/-/schema-utils-2.6.5.tgz 1326ms (cache miss)
npm http fetch GET 200 https://registry.npmjs.org/dmg-builder/-/dmg-builder-24.13.3.tgz 1333ms (cache miss)
npm http fetch GET 200 https://registry.npmjs.org/xterm-addon-fit/-/xterm-addon-fit-0.8.0.tgz 1343ms (cache miss)
npm http fetch GET 200 https://registry.npmjs.org/emoji-regex/-/emoji-regex-9.2.2.tgz 1344ms (cache miss)
npm http fetch GET 200 https://registry.npmjs.org/string-width/-/string-width-5.1.2.tgz 1345ms (cache miss)
npm warn deprecated xterm-addon-fit@0.8.0: This package is now deprecated. Move to @xterm/addon-fit instead.
npm http fetch GET 200 https://registry.npmjs.org/strip-ansi/-/strip-ansi-7.2.0.tgz 1353ms (cache miss)
npm http fetch GET 200 https://registry.npmjs.org/fs-extra/-/fs-extra-8.1.0.tgz 1375ms (cache miss)
npm http fetch GET 200 https://registry.npmjs.org/string_decoder/-/string_decoder-1.1.1.tgz 1388ms (cache miss)
npm http fetch GET 200 https://registry.npmjs.org/yargs/-/yargs-17.7.3.tgz 1414ms (cache miss)
npm http fetch GET 200 https://registry.npmjs.org/safe-buffer/-/safe-buffer-5.1.2.tgz 1426ms (cache miss)
npm http fetch GET 200 https://registry.npmjs.org/wrap-ansi/-/wrap-ansi-8.1.0.tgz 1453ms (cache miss)
npm http fetch GET 200 https://registry.npmjs.org/minipass/-/minipass-3.3.6.tgz 1455ms (cache miss)
npm http fetch GET 200 https://registry.npmjs.org/@electron/osx-sign/-/osx-sign-1.0.5.tgz 1475ms (cache miss)
npm http fetch GET 200 https://registry.npmjs.org/minipass/-/minipass-3.3.6.tgz 1473ms (cache miss)
npm http fetch GET 200 https://registry.npmjs.org/global-agent/-/global-agent-3.0.0.tgz 1478ms (cache miss)
npm http fetch GET 200 https://registry.npmjs.org/@types/node/-/node-20.19.43.tgz 1481ms (cache miss)
npm http fetch GET 200 https://registry.npmjs.org/archiver-utils/-/archiver-utils-3.0.4.tgz 1488ms (cache miss)
npm http fetch GET 200 https://registry.npmjs.org/got/-/got-11.8.6.tgz 1496ms (cache miss)
npm http fetch GET 200 https://registry.npmjs.org/@electron/get/-/get-2.0.3.tgz 1503ms (cache miss)
npm http fetch GET 200 https://registry.npmjs.org/string_decoder/-/string_decoder-1.1.1.tgz 1519ms (cache miss)
npm http fetch GET 200 https://registry.npmjs.org/ajv/-/ajv-6.15.0.tgz 1553ms (cache miss)
npm http fetch GET 200 https://registry.npmjs.org/typescript/-/typescript-5.9.3.tgz 1582ms (cache miss)
npm http fetch GET 200 https://registry.npmjs.org/electron/-/electron-31.7.7.tgz 1550ms (cache miss)
npm http fetch GET 200 https://registry.npmjs.org/dir-compare/-/dir-compare-3.3.0.tgz 1571ms (cache miss)
npm http fetch GET 200 https://registry.npmjs.org/safe-buffer/-/safe-buffer-5.1.2.tgz 1559ms (cache miss)
npm http fetch GET 200 https://registry.npmjs.org/minipass/-/minipass-7.1.3.tgz 1562ms (cache miss)
npm http fetch GET 200 https://registry.npmjs.org/lru-cache/-/lru-cache-10.4.3.tgz 1566ms (cache miss)
npm http fetch GET 200 https://registry.npmjs.org/readable-stream/-/readable-stream-2.3.8.tgz 1567ms (cache miss)
npm http fetch GET 200 https://registry.npmjs.org/brace-expansion/-/brace-expansion-1.1.18.tgz 1585ms (cache miss)
npm http fetch GET 200 https://registry.npmjs.org/brace-expansion/-/brace-expansion-1.1.18.tgz 1585ms (cache miss)
npm http fetch GET 200 https://registry.npmjs.org/minimatch/-/minimatch-9.0.9.tgz 1597ms (cache miss)
npm http fetch GET 200 https://registry.npmjs.org/brace-expansion/-/brace-expansion-1.1.18.tgz 1598ms (cache miss)
npm http fetch GET 200 https://registry.npmjs.org/minimatch/-/minimatch-3.1.5.tgz 1601ms (cache miss)
npm http fetch GET 200 https://registry.npmjs.org/minimatch/-/minimatch-3.1.5.tgz 1601ms (cache miss)
npm http fetch GET 200 https://registry.npmjs.org/universalify/-/universalify-2.0.1.tgz 1603ms (cache miss)
npm http fetch GET 200 https://registry.npmjs.org/jsonfile/-/jsonfile-6.2.1.tgz 1615ms (cache miss)
npm http fetch GET 200 https://registry.npmjs.org/minimatch/-/minimatch-3.1.5.tgz 1623ms (cache miss)
npm http fetch GET 200 https://registry.npmjs.org/jsonfile/-/jsonfile-6.2.1.tgz 1626ms (cache miss)
npm http fetch GET 200 https://registry.npmjs.org/universalify/-/universalify-2.0.1.tgz 1632ms (cache miss)
npm http fetch GET 200 https://registry.npmjs.org/universalify/-/universalify-2.0.1.tgz 1653ms (cache miss)
npm http fetch GET 200 https://registry.npmjs.org/jsonfile/-/jsonfile-6.2.1.tgz 1662ms (cache miss)
npm http fetch GET 200 https://registry.npmjs.org/universalify/-/universalify-2.0.1.tgz 1666ms (cache miss)
npm http fetch GET 200 https://registry.npmjs.org/brace-expansion/-/brace-expansion-1.1.18.tgz 1669ms (cache miss)
npm http fetch GET 200 https://registry.npmjs.org/jsonfile/-/jsonfile-6.2.1.tgz 1697ms (cache miss)
npm http fetch GET 200 https://registry.npmjs.org/jsonfile/-/jsonfile-6.2.1.tgz 1709ms (cache miss)
npm http fetch GET 200 https://registry.npmjs.org/minimatch/-/minimatch-3.1.5.tgz 1711ms (cache miss)
npm http fetch GET 200 https://registry.npmjs.org/universalify/-/universalify-2.0.1.tgz 1712ms (cache miss)
npm http fetch GET 200 https://registry.npmjs.org/universalify/-/universalify-2.0.1.tgz 1712ms (cache miss)
npm http fetch GET 200 https://registry.npmjs.org/universalify/-/universalify-2.0.1.tgz 1720ms (cache miss)
npm http fetch GET 200 https://registry.npmjs.org/readable-stream/-/readable-stream-2.3.8.tgz 1733ms (cache miss)
npm http fetch GET 200 https://registry.npmjs.org/isbinaryfile/-/isbinaryfile-4.0.10.tgz 1734ms (cache miss)
npm http fetch GET 200 https://registry.npmjs.org/mimic-response/-/mimic-response-3.1.0.tgz 1739ms (cache miss)
npm http fetch GET 200 https://registry.npmjs.org/fs-extra/-/fs-extra-10.1.0.tgz 1753ms (cache miss)
npm http fetch GET 200 https://registry.npmjs.org/jsonfile/-/jsonfile-6.2.1.tgz 1758ms (cache miss)
npm http fetch GET 200 https://registry.npmjs.org/fs-extra/-/fs-extra-10.1.0.tgz 1762ms (cache miss)
npm http fetch GET 200 https://registry.npmjs.org/glob/-/glob-10.5.0.tgz 1772ms (cache miss)
npm warn deprecated glob@10.5.0: Old versions of glob are not supported, and contain widely publicized security vulnerabilities, which have been fixed in the current version. Please update. Support for old versions may be purchased (at exorbitant rates) by contacting i@izs.me
npm http fetch GET 200 https://registry.npmjs.org/fs-extra/-/fs-extra-9.1.0.tgz 1775ms (cache miss)
npm http fetch GET 200 https://registry.npmjs.org/fs-extra/-/fs-extra-9.1.0.tgz 1776ms (cache miss)
npm http fetch GET 200 https://registry.npmjs.org/fs-extra/-/fs-extra-10.1.0.tgz 1781ms (cache miss)
npm http fetch GET 200 https://registry.npmjs.org/universalify/-/universalify-2.0.1.tgz 1781ms (cache miss)
npm http fetch GET 200 https://registry.npmjs.org/jsonfile/-/jsonfile-6.2.1.tgz 1783ms (cache miss)
npm http fetch GET 200 https://registry.npmjs.org/xterm/-/xterm-5.3.0.tgz 1797ms (cache miss)
npm warn deprecated xterm@5.3.0: This package is now deprecated. Move to @xterm/xterm instead.
npm http fetch GET 200 https://registry.npmjs.org/jsonfile/-/jsonfile-6.2.1.tgz 1810ms (cache miss)
npm http fetch GET 200 https://registry.npmjs.org/jsonfile/-/jsonfile-6.2.1.tgz 1823ms (cache miss)
npm http fetch GET 200 https://registry.npmjs.org/universalify/-/universalify-2.0.1.tgz 1845ms (cache miss)
npm http fetch GET 200 https://registry.npmjs.org/jsonfile/-/jsonfile-6.2.1.tgz 1862ms (cache miss)
npm http fetch GET 200 https://registry.npmjs.org/universalify/-/universalify-2.0.1.tgz 1862ms (cache miss)
npm http fetch GET 200 https://registry.npmjs.org/jsonfile/-/jsonfile-6.2.1.tgz 1863ms (cache miss)
npm http fetch GET 200 https://registry.npmjs.org/fs-extra/-/fs-extra-10.1.0.tgz 1890ms (cache miss)
npm http fetch GET 200 https://registry.npmjs.org/semver/-/semver-7.8.5.tgz 1897ms (cache miss)
npm http fetch GET 200 https://registry.npmjs.org/fs-extra/-/fs-extra-9.1.0.tgz 1909ms (cache miss)
npm http fetch GET 200 https://registry.npmjs.org/universalify/-/universalify-2.0.1.tgz 1906ms (cache miss)
npm http fetch GET 200 https://registry.npmjs.org/extract-zip 1840ms (cache miss)
npm http fetch GET 200 https://registry.npmjs.org/node-addon-api/-/node-addon-api-7.1.1.tgz 1939ms (cache miss)
npm http fetch GET 200 https://registry.npmjs.org/fs-extra/-/fs-extra-10.1.0.tgz 1944ms (cache miss)
npm http fetch GET 200 https://registry.npmjs.org/fs-extra/-/fs-extra-10.1.0.tgz 1948ms (cache miss)
npm http fetch GET 200 https://registry.npmjs.org/fs-extra/-/fs-extra-10.1.0.tgz 1967ms (cache miss)
npm http fetch GET 200 https://registry.npmjs.org/semver/-/semver-7.8.5.tgz 1969ms (cache miss)
npm http fetch GET 200 https://registry.npmjs.org/semver/-/semver-7.8.5.tgz 1976ms (cache miss)
npm http fetch GET 200 https://registry.npmjs.org/fs-extra/-/fs-extra-10.1.0.tgz 1990ms (cache miss)
npm http fetch GET 200 https://registry.npmjs.org/app-builder-lib 1925ms (cache miss)
npm http fetch GET 200 https://registry.npmjs.org/builder-util-runtime 1963ms (cache miss)
npm http fetch GET 200 https://registry.npmjs.org/app-builder-lib/-/app-builder-lib-24.13.3.tgz 2095ms (cache miss)
npm http fetch GET 200 https://registry.npmjs.org/lodash/-/lodash-4.18.1.tgz 2123ms (cache miss)
npm http fetch GET 200 https://registry.npmjs.org/tar 2132ms (cache miss)
npm http fetch GET 200 https://registry.npmjs.org/electron-builder/-/electron-builder-24.13.3.tgz 2257ms (cache miss)
npm http fetch GET 200 https://registry.npmjs.org/electron 2398ms (cache miss)
npm http fetch GET 200 https://registry.npmjs.org/7zip-bin/-/7zip-bin-5.2.0.tgz 4309ms (cache miss)
npm http fetch GET 200 https://registry.npmjs.org/electron-builder 536ms (cache miss)
npm http fetch GET 200 https://registry.npmjs.org/dmg-builder 632ms (cache miss)
npm http fetch GET 200 https://registry.npmjs.org/electron-builder-squirrel-windows 913ms (cache miss)
npm http fetch GET 200 https://registry.npmjs.org/builder-util 228ms (cache miss)
npm http fetch GET 200 https://registry.npmjs.org/electron-publish 600ms (cache miss)
npm http fetch GET 200 https://registry.npmjs.org/node-pty/-/node-pty-1.1.0.tgz 6410ms (cache miss)
npm http fetch GET 200 https://registry.npmjs.org/app-builder-bin/-/app-builder-bin-4.0.0.tgz 8757ms (cache miss)
npm info run node-pty@1.1.0 install node_modules/node-pty node scripts/prebuild.js || node-gyp rebuild
npm info run node-pty@1.1.0 install { code: 0, signal: null }
npm info run electron@31.7.7 postinstall node_modules/electron node install.js
npm info run node-pty@1.1.0 postinstall node_modules/node-pty node scripts/post-install.js
npm info run node-pty@1.1.0 postinstall { code: 0, signal: null }
npm info run electron@31.7.7 postinstall { code: 0, signal: null }

> chromium-workbench@1.0.0 postinstall
> node scripts/copy-xterm.js && electron-builder install-app-deps

[CopyXterm] 복사 완료: node_modules/xterm/css/xterm.css -> /Users/chansolkim/Documents/cSolutionKim_PROJ/VSCODECHROMIUM/assets/vendor/xterm/xterm.css
[CopyXterm] 복사 완료: node_modules/xterm/lib/xterm.js -> /Users/chansolkim/Documents/cSolutionKim_PROJ/VSCODECHROMIUM/assets/vendor/xterm/xterm.js
[CopyXterm] 복사 완료: node_modules/xterm-addon-fit/lib/xterm-addon-fit.js -> /Users/chansolkim/Documents/cSolutionKim_PROJ/VSCODECHROMIUM/assets/vendor/xterm/xterm-addon-fit.js
  • electron-builder  version=24.13.3
  • loaded configuration  file=package.json ("build" field)
  • rebuilding native dependencies  dependencies=node-pty@1.1.0 platform=darwin arch=arm64

added 327 packages, and audited 328 packages in 30s

50 packages are looking for funding
  run `npm fund` for details

10 vulnerabilities (9 high, 1 critical)

To address all issues (including breaking changes), run:
  npm audit fix --force

Run `npm audit` for details.
npm warn install-scripts 2 packages have install scripts not yet covered by allowScripts:
npm warn install-scripts   electron@31.7.7 (postinstall: node install.js)
npm warn install-scripts   node-pty@1.1.0 (install: node scripts/prebuild.js || node-gyp rebuild; postinstall: node scripts/post-install.js)
npm warn install-scripts
npm warn install-scripts Run `npm install-scripts ls` to review, or `npm install-scripts approve <pkg>` to allow.
npm verbose cwd /Users/chansolkim/Documents/cSolutionKim_PROJ/VSCODECHROMIUM
npm verbose os Darwin 25.6.0
npm verbose node v26.8.2
npm verbose npm  v11.19.1
npm verbose exit 0
npm info ok
